0 verbose cli C:\Program Files\nodejs\node.exe C:\Users\reymi\AppData\Roaming\npm\node_modules\npm\bin\npm-cli.js
1 info using npm@11.5.2
2 info using node@v22.20.0
3 silly config load:file:C:\Users\reymi\AppData\Roaming\npm\node_modules\npm\npmrc
4 silly config load:file:C:\Users\reymi\Desktop\rockgames\.npmrc
5 silly config load:file:C:\Users\reymi\.npmrc
6 silly config load:file:C:\Users\reymi\AppData\Roaming\npm\etc\npmrc
7 verbose title npm install @fontsource-variable/google-sans-flex
8 verbose argv "install" "@fontsource-variable/google-sans-flex" "--cache" ".npm-cache"
9 verbose logfile logs-max:10 dir:C:\Users\reymi\Desktop\rockgames\.npm-cache\_logs\2026-10-03T22_55_58_152Z-
10 verbose logfile C:\Users\reymi\Desktop\rockgames\.npm-cache\_logs\2026-10-03T22_55_58_152Z-debug-0.log
11 silly logfile done cleaning log files
12 silly packumentCache heap:4345298944 maxSize:1086324736 maxEntrySize:543162368
13 silly idealTree buildDeps
14 silly fetch manifest @fontsource-variable/google-sans-flex@*
15 silly packumentCache full:https://registry.npmjs.org/@fontsource-variable%2fgoogle-sans-flex cache-miss
16 verbose shrinkwrap failed to load node_modules/.package-lock.json out of date, updated: node_modules
17 http fetch GET 200 https://registry.npmjs.org/@fontsource-variable%2fgoogle-sans-flex 786ms (cache miss)
18 silly packumentCache full:https://registry.npmjs.org/@fontsource-variable%2fgoogle-sans-flex set size:undefined disposed:false
19 silly placeDep ROOT @fontsource-variable/google-sans-flex@5.3.1 OK for: rock-games@0.2.0 want: *
20 silly reify moves {}
21 verbose reify failed optional dependency C:\Users\reymi\Desktop\rockgames\node_modules\@tailwindcss\oxide-wasm32-wasi
22 silly reify mark deleted [
22 silly reify   'C:\\Users\\reymi\\Desktop\\rockgames\\node_modules\\@tailwindcss\\oxide-wasm32-wasi'
22 silly reify ]
23 silly audit bulk request {
23 silly audit   '@astrojs/compiler': [ '2.13.1' ],
23 silly audit   '@astrojs/internal-helpers': [ '0.7.6' ],
23 silly audit   '@astrojs/markdown-remark': [ '6.3.11' ],
23 silly audit   '@astrojs/prism': [ '3.3.0' ],
23 silly audit   '@astrojs/react': [ '4.4.2' ],
23 silly audit   '@astrojs/telemetry': [ '3.3.0' ],
23 silly audit   '@babel/code-frame': [ '7.29.7' ],
23 silly audit   '@babel/compat-data': [ '7.29.7' ],
23 silly audit   '@babel/core': [ '7.29.7' ],
23 silly audit   '@babel/generator': [ '7.29.8' ],
23 silly audit   '@babel/helper-compilation-targets': [ '7.29.7' ],
23 silly audit   '@babel/helper-globals': [ '7.29.7' ],
23 silly audit   '@babel/helper-module-imports': [ '7.29.7' ],
23 silly audit   '@babel/helper-module-transforms': [ '7.29.7' ],
23 silly audit   '@babel/helper-plugin-utils': [ '7.29.7' ],
23 silly audit   '@babel/helper-string-parser': [ '7.29.7' ],
23 silly audit   '@babel/helper-validator-identifier': [ '7.29.7' ],
23 silly audit   '@babel/helper-validator-option': [ '7.29.7' ],
23 silly audit   '@babel/helpers': [ '7.29.7' ],
23 silly audit   '@babel/parser': [ '7.29.9' ],
23 silly audit   '@babel/plugin-transform-react-jsx-self': [ '7.29.7' ],
23 silly audit   '@babel/plugin-transform-react-jsx-source': [ '7.29.7' ],
23 silly audit   '@babel/template': [ '7.29.7' ],
23 silly audit   '@babel/traverse': [ '7.29.8' ],
23 silly audit   '@babel/types': [ '7.29.8' ],
23 silly audit   '@capsizecss/unpack': [ '4.0.1' ],
23 silly audit   '@emnapi/runtime': [ '1.11.3' ],
23 silly audit   '@esbuild/aix-ppc64': [ '0.27.7', '0.25.12' ],
23 silly audit   '@esbuild/android-arm': [ '0.27.7', '0.25.12' ],
23 silly audit   '@esbuild/android-arm64': [ '0.27.7', '0.25.12' ],
23 silly audit   '@esbuild/android-x64': [ '0.27.7', '0.25.12' ],
23 silly audit   '@esbuild/darwin-arm64': [ '0.27.7', '0.25.12' ],
23 silly audit   '@esbuild/darwin-x64': [ '0.27.7', '0.25.12' ],
23 silly audit   '@esbuild/freebsd-arm64': [ '0.27.7', '0.25.12' ],
23 silly audit   '@esbuild/freebsd-x64': [ '0.27.7', '0.25.12' ],
23 silly audit   '@esbuild/linux-arm': [ '0.27.7', '0.25.12' ],
23 silly audit   '@esbuild/linux-arm64': [ '0.27.7', '0.25.12' ],
23 silly audit   '@esbuild/linux-ia32': [ '0.27.7', '0.25.12' ],
23 silly audit   '@esbuild/linux-loong64': [ '0.27.7', '0.25.12' ],
23 silly audit   '@esbuild/linux-mips64el': [ '0.27.7', '0.25.12' ],
23 silly audit   '@esbuild/linux-ppc64': [ '0.27.7', '0.25.12' ],
23 silly audit   '@esbuild/linux-riscv64': [ '0.27.7', '0.25.12' ],
23 silly audit   '@esbuild/linux-s390x': [ '0.27.7', '0.25.12' ],
23 silly audit   '@esbuild/linux-x64': [ '0.27.7', '0.25.12' ],
23 silly audit   '@esbuild/netbsd-arm64': [ '0.27.7', '0.25.12' ],
23 silly audit   '@esbuild/netbsd-x64': [ '0.27.7', '0.25.12' ],
23 silly audit   '@esbuild/openbsd-arm64': [ '0.27.7', '0.25.12' ],
23 silly audit   '@esbuild/openbsd-x64': [ '0.27.7', '0.25.12' ],
23 silly audit   '@esbuild/openharmony-arm64': [ '0.27.7', '0.25.12' ],
23 silly audit   '@esbuild/sunos-x64': [ '0.27.7', '0.25.12' ],
23 silly audit   '@esbuild/win32-arm64': [ '0.27.7', '0.25.12' ],
23 silly audit   '@esbuild/win32-ia32': [ '0.27.7', '0.25.12' ],
23 silly audit   '@esbuild/win32-x64': [ '0.27.7', '0.25.12' ],
23 silly audit   '@img/colour': [ '1.1.0' ],
23 silly audit   '@img/sharp-darwin-arm64': [ '0.34.5' ],
23 silly audit   '@img/sharp-darwin-x64': [ '0.34.5' ],
23 silly audit   '@img/sharp-libvips-darwin-arm64': [ '1.2.4' ],
23 silly audit   '@img/sharp-libvips-darwin-x64': [ '1.2.4' ],
23 silly audit   '@img/sharp-libvips-linux-arm': [ '1.2.4' ],
23 silly audit   '@img/sharp-libvips-linux-arm64': [ '1.2.4' ],
23 silly audit   '@img/sharp-libvips-linux-ppc64': [ '1.2.4' ],
23 silly audit   '@img/sharp-libvips-linux-riscv64': [ '1.2.4' ],
23 silly audit   '@img/sharp-libvips-linux-s390x': [ '1.2.4' ],
23 silly audit   '@img/sharp-libvips-linux-x64': [ '1.2.4' ],
23 silly audit   '@img/sharp-libvips-linuxmusl-arm64': [ '1.2.4' ],
23 silly audit   '@img/sharp-libvips-linuxmusl-x64': [ '1.2.4' ],
23 silly audit   '@img/sharp-linux-arm': [ '0.34.5' ],
23 silly audit   '@img/sharp-linux-arm64': [ '0.34.5' ],
23 silly audit   '@img/sharp-linux-ppc64': [ '0.34.5' ],
23 silly audit   '@img/sharp-linux-riscv64': [ '0.34.5' ],
23 silly audit   '@img/sharp-linux-s390x': [ '0.34.5' ],
23 silly audit   '@img/sharp-linux-x64': [ '0.34.5' ],
23 silly audit   '@img/sharp-linuxmusl-arm64': [ '0.34.5' ],
23 silly audit   '@img/sharp-linuxmusl-x64': [ '0.34.5' ],
23 silly audit   '@img/sharp-wasm32': [ '0.34.5' ],
23 silly audit   '@img/sharp-win32-arm64': [ '0.34.5' ],
23 silly audit   '@img/sharp-win32-ia32': [ '0.34.5' ],
23 silly audit   '@img/sharp-win32-x64': [ '0.34.5' ],
23 silly audit   '@jridgewell/gen-mapping': [ '0.3.13' ],
23 silly audit   '@jridgewell/remapping': [ '2.3.5' ],
23 silly audit   '@jridgewell/resolve-uri': [ '3.1.2' ],
23 silly audit   '@jridgewell/sourcemap-codec': [ '1.6.0' ],
23 silly audit   '@jridgewell/trace-mapping': [ '0.3.31' ],
23 silly audit   '@napi-rs/lzma-linux-x64-gnu': [ '1.5.1' ],
23 silly audit   '@oslojs/encoding': [ '1.1.0' ],
23 silly audit   '@rolldown/pluginutils': [ '1.0.0-beta.27' ],
23 silly audit   '@rollup/pluginutils': [ '5.4.0' ],
23 silly audit   'estree-walker': [ '2.0.2', '3.0.3' ],
23 silly audit   '@rollup/rollup-android-arm-eabi': [ '4.64.0' ],
23 silly audit   '@rollup/rollup-android-arm64': [ '4.64.0' ],
23 silly audit   '@rollup/rollup-darwin-arm64': [ '4.64.0' ],
23 silly audit   '@rollup/rollup-darwin-x64': [ '4.64.0' ],
23 silly audit   '@rollup/rollup-freebsd-arm64': [ '4.64.0' ],
23 silly audit   '@rollup/rollup-freebsd-x64': [ '4.64.0' ],
23 silly audit   '@rollup/rollup-linux-arm-gnueabihf': [ '4.64.0' ],
23 silly audit   '@rollup/rollup-linux-arm-musleabihf': [ '4.64.0' ],
23 silly audit   '@rollup/rollup-linux-arm64-gnu': [ '4.64.0' ],
23 silly audit   '@rollup/rollup-linux-arm64-musl': [ '4.64.0' ],
23 silly audit   '@rollup/rollup-linux-loong64-gnu': [ '4.64.0' ],
23 silly audit   '@rollup/rollup-linux-loong64-musl': [ '4.64.0' ],
23 silly audit   '@rollup/rollup-linux-ppc64-gnu': [ '4.64.0' ],
23 silly audit   '@rollup/rollup-linux-ppc64-musl': [ '4.64.0' ],
23 silly audit   '@rollup/rollup-linux-riscv64-gnu': [ '4.64.0' ],
23 silly audit   '@rollup/rollup-linux-riscv64-musl': [ '4.64.0' ],
23 silly audit   '@rollup/rollup-linux-s390x-gnu': [ '4.64.0' ],
23 silly audit   '@rollup/rollup-linux-x64-gnu': [ '4.64.0' ],
23 silly audit   '@rollup/rollup-linux-x64-musl': [ '4.64.0' ],
23 silly audit   '@rollup/rollup-openbsd-x64': [ '4.64.0' ],
23 silly audit   '@rollup/rollup-openharmony-arm64': [ '4.64.0' ],
23 silly audit   '@rollup/rollup-win32-arm64-msvc': [ '4.64.0' ],
23 silly audit   '@rollup/rollup-win32-ia32-msvc': [ '4.64.0' ],
23 silly audit   '@rollup/rollup-win32-x64-gnu': [ '4.64.0' ],
23 silly audit   '@rollup/rollup-win32-x64-msvc': [ '4.64.0' ],
23 silly audit   '@shikijs/core': [ '3.23.0' ],
23 silly audit   '@shikijs/engine-javascript': [ '3.23.0' ],
23 silly audit   '@shikijs/engine-oniguruma': [ '3.23.0' ],
23 silly audit   '@shikijs/langs': [ '3.23.0' ],
23 silly audit   '@shikijs/themes': [ '3.23.0' ],
23 silly audit   '@shikijs/types': [ '3.23.0' ],
23 silly audit   '@shikijs/vscode-textmate': [ '10.0.2' ],
23 silly audit   '@tailwindcss/node': [ '4.3.3' ],
23 silly audit   '@tailwindcss/oxide': [ '4.3.3' ],
23 silly audit   '@tailwindcss/oxide-android-arm64': [ '4.3.3' ],
23 silly audit   '@tailwindcss/oxide-darwin-arm64': [ '4.3.3' ],
23 silly audit   '@tailwindcss/oxide-darwin-x64': [ '4.3.3' ],
23 silly audit   '@tailwindcss/oxide-freebsd-x64': [ '4.3.3' ],
23 silly audit   '@tailwindcss/oxide-linux-arm-gnueabihf': [ '4.3.3' ],
23 silly audit   '@tailwindcss/oxide-linux-arm64-gnu': [ '4.3.3' ],
23 silly audit   '@tailwindcss/oxide-linux-arm64-musl': [ '4.3.3' ],
23 silly audit   '@tailwindcss/oxide-linux-x64-gnu': [ '4.3.3' ],
23 silly audit   '@tailwindcss/oxide-linux-x64-musl': [ '4.3.3' ],
23 silly audit   '@tailwindcss/oxide-win32-arm64-msvc': [ '4.3.3' ],
23 silly audit   '@tailwindcss/oxide-win32-x64-msvc': [ '4.3.3' ],
23 silly audit   '@tailwindcss/vite': [ '4.3.3' ],
23 silly audit   '@types/babel__core': [ '7.20.5' ],
23 silly audit   '@types/babel__generator': [ '7.27.0' ],
23 silly audit   '@types/babel__template': [ '7.4.4' ],
23 silly audit   '@types/babel__traverse': [ '7.28.0' ],
23 silly audit   '@types/debug': [ '4.1.13' ],
23 silly audit   '@types/estree': [ '1.0.9' ],
23 silly audit   '@types/hast': [ '3.0.5' ],
23 silly audit   '@types/mdast': [ '4.0.4' ],
23 silly audit   '@types/ms': [ '2.1.0' ],
23 silly audit   '@types/nlcst': [ '2.0.3' ],
23 silly audit   '@types/react': [ '19.3.0' ],
23 silly audit   '@types/react-dom': [ '19.3.0' ],
23 silly audit   '@types/unist': [ '3.0.3' ],
23 silly audit   '@ungap/structured-clone': [ '1.4.0' ],
23 silly audit   '@vitejs/plugin-react': [ '4.7.0' ],
23 silly audit   acorn: [ '8.18.0' ],
23 silly audit   'ansi-align': [ '3.0.1' ],
23 silly audit   'ansi-regex': [ '5.0.1', '6.4.0' ],
23 silly audit   'emoji-regex': [ '8.0.0', '10.6.0' ],
23 silly audit   'string-width': [ '4.2.3', '7.2.0' ],
23 silly audit   'strip-ansi': [ '6.0.1', '7.2.0' ],
23 silly audit   'ansi-styles': [ '6.2.3' ],
23 silly audit   anymatch: [ '3.1.3' ],
23 silly audit   picomatch: [ '2.3.2', '4.0.7' ],
23 silly audit   argparse: [ '2.0.1' ],
23 silly audit   'aria-query': [ '5.3.2' ],
23 silly audit   'array-iterate': [ '2.0.1' ],
23 silly audit   astro: [ '5.18.2' ],
23 silly audit   semver: [ '7.8.5', '6.3.1' ],
23 silly audit   'axobject-query': [ '4.1.0' ],
23 silly audit   bail: [ '2.0.2' ],
23 silly audit   'base-64': [ '1.0.0' ],
23 silly audit   'baseline-browser-mapping': [ '2.11.27' ],
23 silly audit   boolbase: [ '1.0.0' ],
23 silly audit   boxen: [ '8.0.1' ],
23 silly audit   browserslist: [ '4.29.3' ],
23 silly audit   camelcase: [ '8.0.0' ],
23 silly audit   'caniuse-lite': [ '1.0.30001814' ],
23 silly audit   ccount: [ '2.0.1' ],
23 silly audit   chalk: [ '5.6.2' ],
23 silly audit   'character-entities': [ '2.0.2' ],
23 silly audit   'character-entities-html4': [ '2.1.0' ],
23 silly audit   'character-entities-legacy': [ '3.0.0' ],
23 silly audit   chokidar: [ '5.0.0' ],
23 silly audit   'ci-info': [ '4.4.0' ],
23 silly audit   'cli-boxes': [ '3.0.0' ],
23 silly audit   clsx: [ '2.1.1' ],
23 silly audit   'comma-separated-tokens': [ '2.0.3' ],
23 silly audit   commander: [ '11.1.0' ],
23 silly audit   'common-ancestor-path': [ '1.0.1' ],
23 silly audit   'convert-source-map': [ '2.0.0' ],
23 silly audit   cookie: [ '1.1.1' ],
23 silly audit   'cookie-es': [ '1.2.3' ],
23 silly audit   crossws: [ '0.3.5' ],
23 silly audit   'css-select': [ '6.0.0' ],
23 silly audit   'css-tree': [ '3.2.1', '2.2.1' ],
23 silly audit   'css-what': [ '7.0.0' ],
23 silly audit   cssesc: [ '3.0.0' ],
23 silly audit   csso: [ '5.0.5' ],
23 silly audit   'mdn-data': [ '2.0.28', '2.27.1' ],
23 silly audit   csstype: [ '3.2.3' ],
23 silly audit   debug: [ '4.4.3' ],
23 silly audit   'decode-named-character-reference': [ '1.3.0' ],
23 silly audit   defu: [ '6.1.7' ],
23 silly audit   dequal: [ '2.0.3' ],
23 silly audit   destr: [ '2.0.5' ],
23 silly audit   'detect-libc': [ '2.1.2' ],
23 silly audit   'deterministic-object-hash': [ '2.0.2' ],
23 silly audit   devalue: [ '5.9.4' ],
23 silly audit   devlop: [ '1.1.0' ],
23 silly audit   diff: [ '8.0.4' ],
23 silly audit   dlv: [ '1.1.3' ],
23 silly audit   'dom-serializer': [ '2.0.0' ],
23 silly audit   entities: [ '4.5.0', '6.0.1' ],
23 silly audit   domelementtype: [ '2.3.0' ],
23 silly audit   domhandler: [ '5.0.3' ],
23 silly audit   domutils: [ '3.2.2' ],
23 silly audit   dset: [ '3.1.4' ],
23 silly audit   'electron-to-chromium': [ '1.5.444' ],
23 silly audit   'enhanced-resolve': [ '5.26.0' ],
23 silly audit   'es-module-lexer': [ '1.7.0' ],
23 silly audit   esbuild: [ '0.27.7', '0.25.12' ],
23 silly audit   escalade: [ '3.2.0' ],
23 silly audit   'escape-string-regexp': [ '5.0.0' ],
23 silly audit   eventemitter3: [ '5.0.4' ],
23 silly audit   extend: [ '3.0.2' ],
23 silly audit   fdir: [ '6.5.0' ],
23 silly audit   flattie: [ '1.1.1' ],
23 silly audit   fontace: [ '0.4.1' ],
23 silly audit   fontkitten: [ '1.0.3' ],
23 silly audit   fsevents: [ '2.3.3' ],
23 silly audit   gensync: [ '1.0.0-beta.2' ],
23 silly audit   'get-east-asian-width': [ '1.7.0' ],
23 silly audit   'github-slugger': [ '2.0.0' ],
23 silly audit   'graceful-fs': [ '4.2.11' ],
23 silly audit   gsap: [ '3.15.0' ],
23 silly audit   h3: [ '1.15.11' ],
23 silly audit   'hast-util-from-html': [ '2.0.3' ],
23 silly audit   'hast-util-from-parse5': [ '8.0.3' ],
23 silly audit   'hast-util-is-element': [ '3.0.0' ],
23 silly audit   'hast-util-parse-selector': [ '4.0.0' ],
23 silly audit   'hast-util-raw': [ '9.1.0' ],
23 silly audit   'hast-util-to-html': [ '9.0.5' ],
23 silly audit   'hast-util-to-parse5': [ '8.0.1' ],
23 silly audit   'hast-util-to-text': [ '4.0.2' ],
23 silly audit   'hast-util-whitespace': [ '3.0.0' ],
23 silly audit   hastscript: [ '9.0.1' ],
23 silly audit   'html-escaper': [ '3.0.3' ],
23 silly audit   'html-void-elements': [ '3.0.0' ],
23 silly audit   'http-cache-semantics': [ '4.2.0' ],
23 silly audit   'import-meta-resolve': [ '4.2.0' ],
23 silly audit   'iron-webcrypto': [ '1.2.1' ],
23 silly audit   'is-docker': [ '3.0.0' ],
23 silly audit   'is-fullwidth-code-point': [ '3.0.0' ],
23 silly audit   'is-inside-container': [ '1.0.0' ],
23 silly audit   'is-plain-obj': [ '4.1.0' ],
23 silly audit   'is-wsl': [ '3.1.1' ],
23 silly audit   jiti: [ '2.7.0' ],
23 silly audit   'js-tokens': [ '4.0.0' ],
23 silly audit   'js-yaml': [ '4.3.2' ],
23 silly audit   jsesc: [ '3.1.0' ],
23 silly audit   json5: [ '2.2.3' ],
23 silly audit   kleur: [ '3.0.3' ],
23 silly audit   lightningcss: [ '1.32.0' ],
23 silly audit   'lightningcss-android-arm64': [ '1.32.0' ],
23 silly audit   'lightningcss-darwin-arm64': [ '1.32.0' ],
23 silly audit   'lightningcss-darwin-x64': [ '1.32.0' ],
23 silly audit   'lightningcss-freebsd-x64': [ '1.32.0' ],
23 silly audit   'lightningcss-linux-arm-gnueabihf': [ '1.32.0' ],
23 silly audit   'lightningcss-linux-arm64-gnu': [ '1.32.0' ],
23 silly audit   'lightningcss-linux-arm64-musl': [ '1.32.0' ],
23 silly audit   'lightningcss-linux-x64-gnu': [ '1.32.0' ],
23 silly audit   'lightningcss-linux-x64-musl': [ '1.32.0' ],
23 silly audit   'lightningcss-win32-arm64-msvc': [ '1.32.0' ],
23 silly audit   'lightningcss-win32-x64-msvc': [ '1.32.0' ],
23 silly audit   'longest-streak': [ '3.1.0' ],
23 silly audit   'lru-cache': [ '5.1.1', '11.5.3' ],
23 silly audit   'magic-string': [ '0.30.21' ],
23 silly audit   magicast: [ '0.5.5' ],
23 silly audit   'markdown-table': [ '3.0.4' ],
23 silly audit   'mdast-util-definitions': [ '6.0.0' ],
23 silly audit   'mdast-util-find-and-replace': [ '3.0.2' ],
23 silly audit   'mdast-util-from-markdown': [ '2.1.0' ],
23 silly audit   'mdast-util-gfm': [ '3.1.0' ],
23 silly audit   'mdast-util-gfm-autolink-literal': [ '2.0.1' ],
23 silly audit   'mdast-util-gfm-footnote': [ '2.1.0' ],
23 silly audit   'mdast-util-gfm-strikethrough': [ '2.0.1' ],
23 silly audit   'mdast-util-gfm-table': [ '2.0.0' ],
23 silly audit   'mdast-util-gfm-task-list-item': [ '2.0.0' ],
23 silly audit   'mdast-util-phrasing': [ '4.1.0' ],
23 silly audit   'mdast-util-to-hast': [ '13.2.1' ],
23 silly audit   'mdast-util-to-markdown': [ '2.2.0' ],
23 silly audit   'mdast-util-to-string': [ '4.0.0' ],
23 silly audit   micromark: [ '4.0.3' ],
23 silly audit   'micromark-core-commonmark': [ '2.0.4' ],
23 silly audit   'micromark-extension-gfm': [ '3.0.0' ],
23 silly audit   'micromark-extension-gfm-autolink-literal': [ '2.1.0' ],
23 silly audit   'micromark-extension-gfm-footnote': [ '2.1.0' ],
23 silly audit   'micromark-extension-gfm-strikethrough': [ '2.1.0' ],
23 silly audit   'micromark-extension-gfm-table': [ '2.1.2' ],
23 silly audit   'micromark-extension-gfm-tagfilter': [ '2.0.0' ],
23 silly audit   'micromark-extension-gfm-task-list-item': [ '2.1.0' ],
23 silly audit   'micromark-factory-destination': [ '2.0.1' ],
23 silly audit   'micromark-factory-label': [ '2.0.1' ],
23 silly audit   'micromark-factory-space': [ '2.1.0' ],
23 silly audit   'micromark-factory-title': [ '2.0.1' ],
23 silly audit   'micromark-factory-whitespace': [ '2.0.1' ],
23 silly audit   'micromark-util-character': [ '2.1.1' ],
23 silly audit   'micromark-util-chunked': [ '2.0.1' ],
23 silly audit   'micromark-util-classify-character': [ '2.0.1' ],
23 silly audit   'micromark-util-combine-extensions': [ '2.0.1' ],
23 silly audit   'micromark-util-decode-numeric-character-reference': [ '2.0.2' ],
23 silly audit   'micromark-util-decode-string': [ '2.0.1' ],
23 silly audit   'micromark-util-edit-map': [ '1.0.0' ],
23 silly audit   'micromark-util-encode': [ '2.0.1' ],
23 silly audit   'micromark-util-html-tag-name': [ '2.0.1' ],
23 silly audit   'micromark-util-normalize-identifier': [ '2.0.1' ],
23 silly audit   'micromark-util-resolve-all': [ '2.0.1' ],
23 silly audit   'micromark-util-sanitize-uri': [ '2.0.1' ],
23 silly audit   'micromark-util-subtokenize': [ '2.1.0' ],
23 silly audit   'micromark-util-symbol': [ '2.0.1' ],
23 silly audit   'micromark-util-types': [ '2.0.3' ],
23 silly audit   mrmime: [ '2.0.1' ],
23 silly audit   ms: [ '2.1.3' ],
23 silly audit   nanoid: [ '3.3.19' ],
23 silly audit   neotraverse: [ '0.6.18' ],
23 silly audit   'nlcst-to-string': [ '4.0.0' ],
23 silly audit   'node-fetch-native': [ '1.6.7' ],
23 silly audit   'node-mock-http': [ '1.0.5' ],
23 silly audit   'node-releases': [ '2.0.57' ],
23 silly audit   'normalize-path': [ '3.0.0' ],
23 silly audit   'nth-check': [ '2.1.1' ],
23 silly audit   ofetch: [ '1.5.1' ],
23 silly audit   ohash: [ '2.0.12' ],
23 silly audit   'oniguruma-parser': [ '0.12.2' ],
23 silly audit   'oniguruma-to-es': [ '4.3.6' ],
23 silly audit   'p-limit': [ '6.2.0' ],
23 silly audit   'p-queue': [ '8.1.1' ],
23 silly audit   'p-timeout': [ '6.1.4' ],
23 silly audit   'package-manager-detector': [ '1.8.0' ],
23 silly audit   'parse-latin': [ '7.0.0' ],
23 silly audit   parse5: [ '7.3.0' ],
23 silly audit   piccolore: [ '0.1.3' ],
23 silly audit   picocolors: [ '1.1.1' ],
23 silly audit   postcss: [ '8.5.28' ],
23 silly audit   prismjs: [ '1.30.0' ],
23 silly audit   prompts: [ '2.4.2' ],
23 silly audit   'property-information': [ '7.2.0' ],
23 silly audit   radix3: [ '1.1.2' ],
23 silly audit   react: [ '19.3.0' ],
23 silly audit   'react-dom': [ '19.3.0' ],
23 silly audit   'react-refresh': [ '0.17.0' ],
23 silly audit   readdirp: [ '5.1.1' ],
23 silly audit   regex: [ '6.1.0' ],
23 silly audit   'regex-recursion': [ '6.0.2' ],
23 silly audit   'regex-utilities': [ '2.3.0' ],
23 silly audit   rehype: [ '13.0.2' ],
23 silly audit   'rehype-parse': [ '9.0.1' ],
23 silly audit   'rehype-raw': [ '7.0.0' ],
23 silly audit   'rehype-stringify': [ '10.0.1' ],
23 silly audit   'remark-gfm': [ '4.0.1' ],
23 silly audit   'remark-parse': [ '11.0.0' ],
23 silly audit   'remark-rehype': [ '11.1.2' ],
23 silly audit   'remark-smartypants': [ '3.0.3' ],
23 silly audit   'remark-stringify': [ '11.0.0' ],
23 silly audit   retext: [ '9.0.0' ],
23 silly audit   'retext-latin': [ '4.0.0' ],
23 silly audit   'retext-smartypants': [ '6.2.0' ],
23 silly audit   'retext-stringify': [ '4.0.0' ],
23 silly audit   rollup: [ '4.64.0' ],
23 silly audit   sax: [ '1.6.1' ],
23 silly audit   scheduler: [ '0.28.0' ],
23 silly audit   sharp: [ '0.34.5' ],
23 silly audit   shiki: [ '3.23.0' ],
23 silly audit   sisteransi: [ '1.0.5' ],
23 silly audit   'smol-toml': [ '1.9.0' ],
23 silly audit   'source-map-js': [ '1.2.2' ],
23 silly audit   'space-separated-tokens': [ '2.0.2' ],
23 silly audit   'stringify-entities': [ '4.0.4' ],
23 silly audit   svgo: [ '4.1.0' ],
23 silly audit   tailwindcss: [ '4.3.3' ],
23 silly audit   tapable: [ '2.3.3' ],
23 silly audit   'tiny-inflate': [ '1.0.3' ],
23 silly audit   tinyexec: [ '1.3.1' ],
23 silly audit   tinyglobby: [ '0.2.17' ],
23 silly audit   'trim-lines': [ '3.0.1' ],
23 silly audit   trough: [ '2.2.0' ],
23 silly audit   tsconfck: [ '3.1.6' ],
23 silly audit   tslib: [ '2.8.1' ],
23 silly audit   'type-fest': [ '4.41.0' ],
23 silly audit   typescript: [ '5.9.3' ],
23 silly audit   ufo: [ '1.6.4' ],
23 silly audit   ultrahtml: [ '1.7.0' ],
23 silly audit   uncrypto: [ '0.1.3' ],
23 silly audit   undici: [ '8.11.2' ],
23 silly audit   unified: [ '11.0.5' ],
23 silly audit   unifont: [ '0.7.5' ],
23 silly audit   'unist-util-find-after': [ '5.0.0' ],
23 silly audit   'unist-util-is': [ '6.0.1' ],
23 silly audit   'unist-util-modify-children': [ '4.0.0' ],
23 silly audit   'unist-util-position': [ '5.0.0' ],
23 silly audit   'unist-util-remove-position': [ '5.0.0' ],
23 silly audit   'unist-util-stringify-position': [ '4.0.0' ],
23 silly audit   'unist-util-visit': [ '5.1.0' ],
23 silly audit   'unist-util-visit-children': [ '3.0.0' ],
23 silly audit   'unist-util-visit-parents': [ '6.0.2' ],
23 silly audit   unstorage: [ '1.17.5' ],
23 silly audit   'update-browserslist-db': [ '1.3.3' ],
23 silly audit   vfile: [ '6.0.3' ],
23 silly audit   'vfile-location': [ '5.0.3' ],
23 silly audit   'vfile-message': [ '4.0.3' ],
23 silly audit   vite: [ '6.4.3' ],
23 silly audit   vitefu: [ '1.1.3' ],
23 silly audit   'web-namespaces': [ '2.0.1' ],
23 silly audit   'which-pm-runs': [ '1.1.0' ],
23 silly audit   'widest-line': [ '5.0.0' ],
23 silly audit   'wrap-ansi': [ '9.0.2' ],
23 silly audit   'xxhash-wasm': [ '1.1.0' ],
23 silly audit   yallist: [ '3.1.1' ],
23 silly audit   'yargs-parser': [ '21.1.1' ],
23 silly audit   'yocto-queue': [ '1.2.2' ],
23 silly audit   'yocto-spinner': [ '0.2.3' ],
23 silly audit   yoctocolors: [ '2.2.0' ],
23 silly audit   zod: [ '3.25.76' ],
23 silly audit   'zod-to-json-schema': [ '3.25.2' ],
23 silly audit   'zod-to-ts': [ '1.2.0' ],
23 silly audit   zwitch: [ '2.0.4' ],
23 silly audit   '@fontsource-variable/google-sans-flex': [ '5.3.1' ],
23 silly audit   '@tailwindcss/oxide-wasm32-wasi': [ '4.3.3' ]
23 silly audit }
24 verbose reify failed optional dependency C:\Users\reymi\Desktop\rockgames\node_modules\lightningcss-win32-arm64-msvc
25 silly reify mark deleted [
25 silly reify   'C:\\Users\\reymi\\Desktop\\rockgames\\node_modules\\lightningcss-win32-arm64-msvc'
25 silly reify ]
26 verbose reify failed optional dependency C:\Users\reymi\Desktop\rockgames\node_modules\lightningcss-linux-x64-musl
27 silly reify mark deleted [
27 silly reify   'C:\\Users\\reymi\\Desktop\\rockgames\\node_modules\\lightningcss-linux-x64-musl'
27 silly reify ]
28 verbose reify failed optional dependency C:\Users\reymi\Desktop\rockgames\node_modules\lightningcss-linux-x64-gnu
29 silly reify mark deleted [
29 silly reify   'C:\\Users\\reymi\\Desktop\\rockgames\\node_modules\\lightningcss-linux-x64-gnu'
29 silly reify ]
30 verbose reify failed optional dependency C:\Users\reymi\Desktop\rockgames\node_modules\lightningcss-linux-arm64-musl
31 silly reify mark deleted [
31 silly reify   'C:\\Users\\reymi\\Desktop\\rockgames\\node_modules\\lightningcss-linux-arm64-musl'
31 silly reify ]
32 verbose reify failed optional dependency C:\Users\reymi\Desktop\rockgames\node_modules\lightningcss-linux-arm64-gnu
33 silly reify mark deleted [
33 silly reify   'C:\\Users\\reymi\\Desktop\\rockgames\\node_modules\\lightningcss-linux-arm64-gnu'
33 silly reify ]
34 verbose reify failed optional dependency C:\Users\reymi\Desktop\rockgames\node_modules\lightningcss-linux-arm-gnueabihf
35 silly reify mark deleted [
35 silly reify   'C:\\Users\\reymi\\Desktop\\rockgames\\node_modules\\lightningcss-linux-arm-gnueabihf'
35 silly reify ]
36 verbose reify failed optional dependency C:\Users\reymi\Desktop\rockgames\node_modules\lightningcss-freebsd-x64
37 silly reify mark deleted [
37 silly reify   'C:\\Users\\reymi\\Desktop\\rockgames\\node_modules\\lightningcss-freebsd-x64'
37 silly reify ]
38 verbose reify failed optional dependency C:\Users\reymi\Desktop\rockgames\node_modules\lightningcss-darwin-x64
39 silly reify mark deleted [
39 silly reify   'C:\\Users\\reymi\\Desktop\\rockgames\\node_modules\\lightningcss-darwin-x64'
39 silly reify ]
40 verbose reify failed optional dependency C:\Users\reymi\Desktop\rockgames\node_modules\lightningcss-darwin-arm64
41 silly reify mark deleted [
41 silly reify   'C:\\Users\\reymi\\Desktop\\rockgames\\node_modules\\lightningcss-darwin-arm64'
41 silly reify ]
42 verbose reify failed optional dependency C:\Users\reymi\Desktop\rockgames\node_modules\lightningcss-android-arm64
43 silly reify mark deleted [
43 silly reify   'C:\\Users\\reymi\\Desktop\\rockgames\\node_modules\\lightningcss-android-arm64'
43 silly reify ]
44 verbose reify failed optional dependency C:\Users\reymi\Desktop\rockgames\node_modules\fsevents
45 silly reify mark deleted [ 'C:\\Users\\reymi\\Desktop\\rockgames\\node_modules\\fsevents' ]
46 verbose reify failed optional dependency C:\Users\reymi\Desktop\rockgames\node_modules\@tailwindcss\oxide-win32-arm64-msvc
47 silly reify mark deleted [
47 silly reify   'C:\\Users\\reymi\\Desktop\\rockgames\\node_modules\\@tailwindcss\\oxide-win32-arm64-msvc'
47 silly reify ]
48 verbose reify failed optional dependency C:\Users\reymi\Desktop\rockgames\node_modules\@tailwindcss\oxide-linux-x64-musl
49 silly reify mark deleted [
49 silly reify   'C:\\Users\\reymi\\Desktop\\rockgames\\node_modules\\@tailwindcss\\oxide-linux-x64-musl'
49 silly reify ]
50 verbose reify failed optional dependency C:\Users\reymi\Desktop\rockgames\node_modules\@tailwindcss\oxide-linux-x64-gnu
51 silly reify mark deleted [
51 silly reify   'C:\\Users\\reymi\\Desktop\\rockgames\\node_modules\\@tailwindcss\\oxide-linux-x64-gnu'
51 silly reify ]
52 verbose reify failed optional dependency C:\Users\reymi\Desktop\rockgames\node_modules\@tailwindcss\oxide-linux-arm64-musl
53 silly reify mark deleted [
53 silly reify   'C:\\Users\\reymi\\Desktop\\rockgames\\node_modules\\@tailwindcss\\oxide-linux-arm64-musl'
53 silly reify ]
54 verbose reify failed optional dependency C:\Users\reymi\Desktop\rockgames\node_modules\@tailwindcss\oxide-linux-arm64-gnu
55 silly reify mark deleted [
55 silly reify   'C:\\Users\\reymi\\Desktop\\rockgames\\node_modules\\@tailwindcss\\oxide-linux-arm64-gnu'
55 silly reify ]
56 verbose reify failed optional dependency C:\Users\reymi\Desktop\rockgames\node_modules\@tailwindcss\oxide-linux-arm-gnueabihf
57 silly reify mark deleted [
57 silly reify   'C:\\Users\\reymi\\Desktop\\rockgames\\node_modules\\@tailwindcss\\oxide-linux-arm-gnueabihf'
57 silly reify ]
58 verbose reify failed optional dependency C:\Users\reymi\Desktop\rockgames\node_modules\@tailwindcss\oxide-freebsd-x64
59 silly reify mark deleted [
59 silly reify   'C:\\Users\\reymi\\Desktop\\rockgames\\node_modules\\@tailwindcss\\oxide-freebsd-x64'
59 silly reify ]
60 verbose reify failed optional dependency C:\Users\reymi\Desktop\rockgames\node_modules\@tailwindcss\oxide-darwin-x64
61 silly reify mark deleted [
61 silly reify   'C:\\Users\\reymi\\Desktop\\rockgames\\node_modules\\@tailwindcss\\oxide-darwin-x64'
61 silly reify ]
62 verbose reify failed optional dependency C:\Users\reymi\Desktop\rockgames\node_modules\@tailwindcss\oxide-darwin-arm64
63 silly reify mark deleted [
63 silly reify   'C:\\Users\\reymi\\Desktop\\rockgames\\node_modules\\@tailwindcss\\oxide-darwin-arm64'
63 silly reify ]
64 verbose reify failed optional dependency C:\Users\reymi\Desktop\rockgames\node_modules\@tailwindcss\oxide-android-arm64
65 silly reify mark deleted [
65 silly reify   'C:\\Users\\reymi\\Desktop\\rockgames\\node_modules\\@tailwindcss\\oxide-android-arm64'
65 silly reify ]
66 verbose reify failed optional dependency C:\Users\reymi\Desktop\rockgames\node_modules\@rollup\rollup-win32-ia32-msvc
67 silly reify mark deleted [
67 silly reify   'C:\\Users\\reymi\\Desktop\\rockgames\\node_modules\\@rollup\\rollup-win32-ia32-msvc'
67 silly reify ]
68 verbose reify failed optional dependency C:\Users\reymi\Desktop\rockgames\node_modules\@rollup\rollup-win32-arm64-msvc
69 silly reify mark deleted [
69 silly reify   'C:\\Users\\reymi\\Desktop\\rockgames\\node_modules\\@rollup\\rollup-win32-arm64-msvc'
69 silly reify ]
70 verbose reify failed optional dependency C:\Users\reymi\Desktop\rockgames\node_modules\@rollup\rollup-openharmony-arm64
71 silly reify mark deleted [
71 silly reify   'C:\\Users\\reymi\\Desktop\\rockgames\\node_modules\\@rollup\\rollup-openharmony-arm64'
71 silly reify ]
72 verbose reify failed optional dependency C:\Users\reymi\Desktop\rockgames\node_modules\@rollup\rollup-openbsd-x64
73 silly reify mark deleted [
73 silly reify   'C:\\Users\\reymi\\Desktop\\rockgames\\node_modules\\@rollup\\rollup-openbsd-x64'
73 silly reify ]
74 verbose reify failed optional dependency C:\Users\reymi\Desktop\rockgames\node_modules\@rollup\rollup-linux-x64-musl
75 silly reify mark deleted [
75 silly reify   'C:\\Users\\reymi\\Desktop\\rockgames\\node_modules\\@rollup\\rollup-linux-x64-musl'
75 silly reify ]
76 verbose reify failed optional dependency C:\Users\reymi\Desktop\rockgames\node_modules\@rollup\rollup-linux-x64-gnu
77 silly reify mark deleted [
77 silly reify   'C:\\Users\\reymi\\Desktop\\rockgames\\node_modules\\@rollup\\rollup-linux-x64-gnu'
77 silly reify ]
78 verbose reify failed optional dependency C:\Users\reymi\Desktop\rockgames\node_modules\@rollup\rollup-linux-s390x-gnu
79 silly reify mark deleted [
79 silly reify   'C:\\Users\\reymi\\Desktop\\rockgames\\node_modules\\@rollup\\rollup-linux-s390x-gnu'
79 silly reify ]
80 verbose reify failed optional dependency C:\Users\reymi\Desktop\rockgames\node_modules\@rollup\rollup-linux-riscv64-musl
81 silly reify mark deleted [
81 silly reify   'C:\\Users\\reymi\\Desktop\\rockgames\\node_modules\\@rollup\\rollup-linux-riscv64-musl'
81 silly reify ]
82 verbose reify failed optional dependency C:\Users\reymi\Desktop\rockgames\node_modules\@rollup\rollup-linux-riscv64-gnu
83 silly reify mark deleted [
83 silly reify   'C:\\Users\\reymi\\Desktop\\rockgames\\node_modules\\@rollup\\rollup-linux-riscv64-gnu'
83 silly reify ]
84 verbose reify failed optional dependency C:\Users\reymi\Desktop\rockgames\node_modules\@rollup\rollup-linux-ppc64-musl
85 silly reify mark deleted [
85 silly reify   'C:\\Users\\reymi\\Desktop\\rockgames\\node_modules\\@rollup\\rollup-linux-ppc64-musl'
85 silly reify ]
86 verbose reify failed optional dependency C:\Users\reymi\Desktop\rockgames\node_modules\@rollup\rollup-linux-ppc64-gnu
87 silly reify mark deleted [
87 silly reify   'C:\\Users\\reymi\\Desktop\\rockgames\\node_modules\\@rollup\\rollup-linux-ppc64-gnu'
87 silly reify ]
88 verbose reify failed optional dependency C:\Users\reymi\Desktop\rockgames\node_modules\@rollup\rollup-linux-loong64-musl
89 silly reify mark deleted [
89 silly reify   'C:\\Users\\reymi\\Desktop\\rockgames\\node_modules\\@rollup\\rollup-linux-loong64-musl'
89 silly reify ]
90 verbose reify failed optional dependency C:\Users\reymi\Desktop\rockgames\node_modules\@rollup\rollup-linux-loong64-gnu
91 silly reify mark deleted [
91 silly reify   'C:\\Users\\reymi\\Desktop\\rockgames\\node_modules\\@rollup\\rollup-linux-loong64-gnu'
91 silly reify ]
92 verbose reify failed optional dependency C:\Users\reymi\Desktop\rockgames\node_modules\@rollup\rollup-linux-arm64-musl
93 silly reify mark deleted [
93 silly reify   'C:\\Users\\reymi\\Desktop\\rockgames\\node_modules\\@rollup\\rollup-linux-arm64-musl'
93 silly reify ]
94 verbose reify failed optional dependency C:\Users\reymi\Desktop\rockgames\node_modules\@rollup\rollup-linux-arm64-gnu
95 silly reify mark deleted [
95 silly reify   'C:\\Users\\reymi\\Desktop\\rockgames\\node_modules\\@rollup\\rollup-linux-arm64-gnu'
95 silly reify ]
96 verbose reify failed optional dependency C:\Users\reymi\Desktop\rockgames\node_modules\@rollup\rollup-linux-arm-musleabihf
97 silly reify mark deleted [
97 silly reify   'C:\\Users\\reymi\\Desktop\\rockgames\\node_modules\\@rollup\\rollup-linux-arm-musleabihf'
97 silly reify ]
98 verbose reify failed optional dependency C:\Users\reymi\Desktop\rockgames\node_modules\@rollup\rollup-linux-arm-gnueabihf
99 silly reify mark deleted [
99 silly reify   'C:\\Users\\reymi\\Desktop\\rockgames\\node_modules\\@rollup\\rollup-linux-arm-gnueabihf'
99 silly reify ]
100 verbose reify failed optional dependency C:\Users\reymi\Desktop\rockgames\node_modules\@rollup\rollup-freebsd-x64
101 silly reify mark deleted [
101 silly reify   'C:\\Users\\reymi\\Desktop\\rockgames\\node_modules\\@rollup\\rollup-freebsd-x64'
101 silly reify ]
102 verbose reify failed optional dependency C:\Users\reymi\Desktop\rockgames\node_modules\@rollup\rollup-freebsd-arm64
103 silly reify mark deleted [
103 silly reify   'C:\\Users\\reymi\\Desktop\\rockgames\\node_modules\\@rollup\\rollup-freebsd-arm64'
103 silly reify ]
104 verbose reify failed optional dependency C:\Users\reymi\Desktop\rockgames\node_modules\@rollup\rollup-darwin-x64
105 silly reify mark deleted [
105 silly reify   'C:\\Users\\reymi\\Desktop\\rockgames\\node_modules\\@rollup\\rollup-darwin-x64'
105 silly reify ]
106 verbose reify failed optional dependency C:\Users\reymi\Desktop\rockgames\node_modules\@rollup\rollup-darwin-arm64
107 silly reify mark deleted [
107 silly reify   'C:\\Users\\reymi\\Desktop\\rockgames\\node_modules\\@rollup\\rollup-darwin-arm64'
107 silly reify ]
108 verbose reify failed optional dependency C:\Users\reymi\Desktop\rockgames\node_modules\@rollup\rollup-android-arm64
109 silly reify mark deleted [
109 silly reify   'C:\\Users\\reymi\\Desktop\\rockgames\\node_modules\\@rollup\\rollup-android-arm64'
109 silly reify ]
110 verbose reify failed optional dependency C:\Users\reymi\Desktop\rockgames\node_modules\@rollup\rollup-android-arm-eabi
111 silly reify mark deleted [
111 silly reify   'C:\\Users\\reymi\\Desktop\\rockgames\\node_modules\\@rollup\\rollup-android-arm-eabi'
111 silly reify ]
112 verbose reify failed optional dependency C:\Users\reymi\Desktop\rockgames\node_modules\@napi-rs\lzma-linux-x64-gnu
113 silly reify mark deleted [
113 silly reify   'C:\\Users\\reymi\\Desktop\\rockgames\\node_modules\\@napi-rs\\lzma-linux-x64-gnu'
113 silly reify ]
114 verbose reify failed optional dependency C:\Users\reymi\Desktop\rockgames\node_modules\@img\sharp-win32-ia32
115 silly reify mark deleted [
115 silly reify   'C:\\Users\\reymi\\Desktop\\rockgames\\node_modules\\@img\\sharp-win32-ia32'
115 silly reify ]
116 verbose reify failed optional dependency C:\Users\reymi\Desktop\rockgames\node_modules\@img\sharp-win32-arm64
117 silly reify mark deleted [
117 silly reify   'C:\\Users\\reymi\\Desktop\\rockgames\\node_modules\\@img\\sharp-win32-arm64'
117 silly reify ]
118 verbose reify failed optional dependency C:\Users\reymi\Desktop\rockgames\node_modules\@img\sharp-wasm32
119 silly reify mark deleted [
119 silly reify   'C:\\Users\\reymi\\Desktop\\rockgames\\node_modules\\@img\\sharp-wasm32'
119 silly reify ]
120 verbose reify failed optional dependency C:\Users\reymi\Desktop\rockgames\node_modules\@img\sharp-linuxmusl-x64
121 silly reify mark deleted [
121 silly reify   'C:\\Users\\reymi\\Desktop\\rockgames\\node_modules\\@img\\sharp-linuxmusl-x64'
121 silly reify ]
122 verbose reify failed optional dependency C:\Users\reymi\Desktop\rockgames\node_modules\@img\sharp-linuxmusl-arm64
123 silly reify mark deleted [
123 silly reify   'C:\\Users\\reymi\\Desktop\\rockgames\\node_modules\\@img\\sharp-linuxmusl-arm64'
123 silly reify ]
124 verbose reify failed optional dependency C:\Users\reymi\Desktop\rockgames\node_modules\@img\sharp-linux-x64
125 silly reify mark deleted [
125 silly reify   'C:\\Users\\reymi\\Desktop\\rockgames\\node_modules\\@img\\sharp-linux-x64'
125 silly reify ]
126 verbose reify failed optional dependency C:\Users\reymi\Desktop\rockgames\node_modules\@img\sharp-linux-s390x
127 silly reify mark deleted [
127 silly reify   'C:\\Users\\reymi\\Desktop\\rockgames\\node_modules\\@img\\sharp-linux-s390x'
127 silly reify ]
128 verbose reify failed optional dependency C:\Users\reymi\Desktop\rockgames\node_modules\@img\sharp-linux-riscv64
129 silly reify mark deleted [
129 silly reify   'C:\\Users\\reymi\\Desktop\\rockgames\\node_modules\\@img\\sharp-linux-riscv64'
129 silly reify ]
130 verbose reify failed optional dependency C:\Users\reymi\Desktop\rockgames\node_modules\@img\sharp-linux-ppc64
131 silly reify mark deleted [
131 silly reify   'C:\\Users\\reymi\\Desktop\\rockgames\\node_modules\\@img\\sharp-linux-ppc64'
131 silly reify ]
132 verbose reify failed optional dependency C:\Users\reymi\Desktop\rockgames\node_modules\@img\sharp-linux-arm64
133 silly reify mark deleted [
133 silly reify   'C:\\Users\\reymi\\Desktop\\rockgames\\node_modules\\@img\\sharp-linux-arm64'
133 silly reify ]
134 verbose reify failed optional dependency C:\Users\reymi\Desktop\rockgames\node_modules\@img\sharp-linux-arm
135 silly reify mark deleted [
135 silly reify   'C:\\Users\\reymi\\Desktop\\rockgames\\node_modules\\@img\\sharp-linux-arm'
135 silly reify ]
136 verbose reify failed optional dependency C:\Users\reymi\Desktop\rockgames\node_modules\@img\sharp-libvips-linuxmusl-x64
137 silly reify mark deleted [
137 silly reify   'C:\\Users\\reymi\\Desktop\\rockgames\\node_modules\\@img\\sharp-libvips-linuxmusl-x64'
137 silly reify ]
138 verbose reify failed optional dependency C:\Users\reymi\Desktop\rockgames\node_modules\@img\sharp-libvips-linuxmusl-arm64
139 silly reify mark deleted [
139 silly reify   'C:\\Users\\reymi\\Desktop\\rockgames\\node_modules\\@img\\sharp-libvips-linuxmusl-arm64'
139 silly reify ]
140 verbose reify failed optional dependency C:\Users\reymi\Desktop\rockgames\node_modules\@img\sharp-libvips-linux-x64
141 silly reify mark deleted [
141 silly reify   'C:\\Users\\reymi\\Desktop\\rockgames\\node_modules\\@img\\sharp-libvips-linux-x64'
141 silly reify ]
142 verbose reify failed optional dependency C:\Users\reymi\Desktop\rockgames\node_modules\@img\sharp-libvips-linux-s390x
143 silly reify mark deleted [
143 silly reify   'C:\\Users\\reymi\\Desktop\\rockgames\\node_modules\\@img\\sharp-libvips-linux-s390x'
143 silly reify ]
144 verbose reify failed optional dependency C:\Users\reymi\Desktop\rockgames\node_modules\@img\sharp-libvips-linux-riscv64
145 silly reify mark deleted [
145 silly reify   'C:\\Users\\reymi\\Desktop\\rockgames\\node_modules\\@img\\sharp-libvips-linux-riscv64'
145 silly reify ]
146 verbose reify failed optional dependency C:\Users\reymi\Desktop\rockgames\node_modules\@img\sharp-libvips-linux-ppc64
147 silly reify mark deleted [
147 silly reify   'C:\\Users\\reymi\\Desktop\\rockgames\\node_modules\\@img\\sharp-libvips-linux-ppc64'
147 silly reify ]
148 verbose reify failed optional dependency C:\Users\reymi\Desktop\rockgames\node_modules\@img\sharp-libvips-linux-arm64
149 silly reify mark deleted [
149 silly reify   'C:\\Users\\reymi\\Desktop\\rockgames\\node_modules\\@img\\sharp-libvips-linux-arm64'
149 silly reify ]
150 verbose reify failed optional dependency C:\Users\reymi\Desktop\rockgames\node_modules\@img\sharp-libvips-linux-arm
151 silly reify mark deleted [
151 silly reify   'C:\\Users\\reymi\\Desktop\\rockgames\\node_modules\\@img\\sharp-libvips-linux-arm'
151 silly reify ]
152 verbose reify failed optional dependency C:\Users\reymi\Desktop\rockgames\node_modules\@img\sharp-libvips-darwin-x64
153 silly reify mark deleted [
153 silly reify   'C:\\Users\\reymi\\Desktop\\rockgames\\node_modules\\@img\\sharp-libvips-darwin-x64'
153 silly reify ]
154 verbose reify failed optional dependency C:\Users\reymi\Desktop\rockgames\node_modules\@img\sharp-libvips-darwin-arm64
155 silly reify mark deleted [
155 silly reify   'C:\\Users\\reymi\\Desktop\\rockgames\\node_modules\\@img\\sharp-libvips-darwin-arm64'
155 silly reify ]
156 verbose reify failed optional dependency C:\Users\reymi\Desktop\rockgames\node_modules\@img\sharp-darwin-x64
157 silly reify mark deleted [
157 silly reify   'C:\\Users\\reymi\\Desktop\\rockgames\\node_modules\\@img\\sharp-darwin-x64'
157 silly reify ]
158 verbose reify failed optional dependency C:\Users\reymi\Desktop\rockgames\node_modules\@img\sharp-darwin-arm64
159 silly reify mark deleted [
159 silly reify   'C:\\Users\\reymi\\Desktop\\rockgames\\node_modules\\@img\\sharp-darwin-arm64'
159 silly reify ]
160 verbose reify failed optional dependency C:\Users\reymi\Desktop\rockgames\node_modules\@esbuild\win32-ia32
161 silly reify mark deleted [
161 silly reify   'C:\\Users\\reymi\\Desktop\\rockgames\\node_modules\\@esbuild\\win32-ia32'
161 silly reify ]
162 verbose reify failed optional dependency C:\Users\reymi\Desktop\rockgames\node_modules\@esbuild\win32-arm64
163 silly reify mark deleted [
163 silly reify   'C:\\Users\\reymi\\Desktop\\rockgames\\node_modules\\@esbuild\\win32-arm64'
163 silly reify ]
164 verbose reify failed optional dependency C:\Users\reymi\Desktop\rockgames\node_modules\@esbuild\sunos-x64
165 silly reify mark deleted [
165 silly reify   'C:\\Users\\reymi\\Desktop\\rockgames\\node_modules\\@esbuild\\sunos-x64'
165 silly reify ]
166 verbose reify failed optional dependency C:\Users\reymi\Desktop\rockgames\node_modules\@esbuild\openharmony-arm64
167 silly reify mark deleted [
167 silly reify   'C:\\Users\\reymi\\Desktop\\rockgames\\node_modules\\@esbuild\\openharmony-arm64'
167 silly reify ]
168 verbose reify failed optional dependency C:\Users\reymi\Desktop\rockgames\node_modules\@esbuild\openbsd-x64
169 silly reify mark deleted [
169 silly reify   'C:\\Users\\reymi\\Desktop\\rockgames\\node_modules\\@esbuild\\openbsd-x64'
169 silly reify ]
170 verbose reify failed optional dependency C:\Users\reymi\Desktop\rockgames\node_modules\@esbuild\openbsd-arm64
171 silly reify mark deleted [
171 silly reify   'C:\\Users\\reymi\\Desktop\\rockgames\\node_modules\\@esbuild\\openbsd-arm64'
171 silly reify ]
172 verbose reify failed optional dependency C:\Users\reymi\Desktop\rockgames\node_modules\@esbuild\netbsd-x64
173 silly reify mark deleted [
173 silly reify   'C:\\Users\\reymi\\Desktop\\rockgames\\node_modules\\@esbuild\\netbsd-x64'
173 silly reify ]
174 verbose reify failed optional dependency C:\Users\reymi\Desktop\rockgames\node_modules\@esbuild\netbsd-arm64
175 silly reify mark deleted [
175 silly reify   'C:\\Users\\reymi\\Desktop\\rockgames\\node_modules\\@esbuild\\netbsd-arm64'
175 silly reify ]
176 verbose reify failed optional dependency C:\Users\reymi\Desktop\rockgames\node_modules\@esbuild\linux-x64
177 silly reify mark deleted [
177 silly reify   'C:\\Users\\reymi\\Desktop\\rockgames\\node_modules\\@esbuild\\linux-x64'
177 silly reify ]
178 verbose reify failed optional dependency C:\Users\reymi\Desktop\rockgames\node_modules\@esbuild\linux-s390x
179 silly reify mark deleted [
179 silly reify   'C:\\Users\\reymi\\Desktop\\rockgames\\node_modules\\@esbuild\\linux-s390x'
179 silly reify ]
180 verbose reify failed optional dependency C:\Users\reymi\Desktop\rockgames\node_modules\@esbuild\linux-riscv64
181 silly reify mark deleted [
181 silly reify   'C:\\Users\\reymi\\Desktop\\rockgames\\node_modules\\@esbuild\\linux-riscv64'
181 silly reify ]
182 verbose reify failed optional dependency C:\Users\reymi\Desktop\rockgames\node_modules\@esbuild\linux-ppc64
183 silly reify mark deleted [
183 silly reify   'C:\\Users\\reymi\\Desktop\\rockgames\\node_modules\\@esbuild\\linux-ppc64'
183 silly reify ]
184 verbose reify failed optional dependency C:\Users\reymi\Desktop\rockgames\node_modules\@esbuild\linux-mips64el
185 silly reify mark deleted [
185 silly reify   'C:\\Users\\reymi\\Desktop\\rockgames\\node_modules\\@esbuild\\linux-mips64el'
185 silly reify ]
186 verbose reify failed optional dependency C:\Users\reymi\Desktop\rockgames\node_modules\@esbuild\linux-loong64
187 silly reify mark deleted [
187 silly reify   'C:\\Users\\reymi\\Desktop\\rockgames\\node_modules\\@esbuild\\linux-loong64'
187 silly reify ]
188 verbose reify failed optional dependency C:\Users\reymi\Desktop\rockgames\node_modules\@esbuild\linux-ia32
189 silly reify mark deleted [
189 silly reify   'C:\\Users\\reymi\\Desktop\\rockgames\\node_modules\\@esbuild\\linux-ia32'
189 silly reify ]
190 verbose reify failed optional dependency C:\Users\reymi\Desktop\rockgames\node_modules\@esbuild\linux-arm64
191 silly reify mark deleted [
191 silly reify   'C:\\Users\\reymi\\Desktop\\rockgames\\node_modules\\@esbuild\\linux-arm64'
191 silly reify ]
192 verbose reify failed optional dependency C:\Users\reymi\Desktop\rockgames\node_modules\@esbuild\linux-arm
193 silly reify mark deleted [
193 silly reify   'C:\\Users\\reymi\\Desktop\\rockgames\\node_modules\\@esbuild\\linux-arm'
193 silly reify ]
194 verbose reify failed optional dependency C:\Users\reymi\Desktop\rockgames\node_modules\@esbuild\freebsd-x64
195 silly reify mark deleted [
195 silly reify   'C:\\Users\\reymi\\Desktop\\rockgames\\node_modules\\@esbuild\\freebsd-x64'
195 silly reify ]
196 verbose reify failed optional dependency C:\Users\reymi\Desktop\rockgames\node_modules\@esbuild\freebsd-arm64
197 silly reify mark deleted [
197 silly reify   'C:\\Users\\reymi\\Desktop\\rockgames\\node_modules\\@esbuild\\freebsd-arm64'
197 silly reify ]
198 verbose reify failed optional dependency C:\Users\reymi\Desktop\rockgames\node_modules\@esbuild\darwin-x64
199 silly reify mark deleted [
199 silly reify   'C:\\Users\\reymi\\Desktop\\rockgames\\node_modules\\@esbuild\\darwin-x64'
199 silly reify ]
200 verbose reify failed optional dependency C:\Users\reymi\Desktop\rockgames\node_modules\@esbuild\darwin-arm64
201 silly reify mark deleted [
201 silly reify   'C:\\Users\\reymi\\Desktop\\rockgames\\node_modules\\@esbuild\\darwin-arm64'
201 silly reify ]
202 verbose reify failed optional dependency C:\Users\reymi\Desktop\rockgames\node_modules\@esbuild\android-x64
203 silly reify mark deleted [
203 silly reify   'C:\\Users\\reymi\\Desktop\\rockgames\\node_modules\\@esbuild\\android-x64'
203 silly reify ]
204 verbose reify failed optional dependency C:\Users\reymi\Desktop\rockgames\node_modules\@esbuild\android-arm64
205 silly reify mark deleted [
205 silly reify   'C:\\Users\\reymi\\Desktop\\rockgames\\node_modules\\@esbuild\\android-arm64'
205 silly reify ]
206 verbose reify failed optional dependency C:\Users\reymi\Desktop\rockgames\node_modules\@esbuild\android-arm
207 silly reify mark deleted [
207 silly reify   'C:\\Users\\reymi\\Desktop\\rockgames\\node_modules\\@esbuild\\android-arm'
207 silly reify ]
208 verbose reify failed optional dependency C:\Users\reymi\Desktop\rockgames\node_modules\@esbuild\aix-ppc64
209 silly reify mark deleted [
209 silly reify   'C:\\Users\\reymi\\Desktop\\rockgames\\node_modules\\@esbuild\\aix-ppc64'
209 silly reify ]
210 verbose reify failed optional dependency C:\Users\reymi\Desktop\rockgames\node_modules\vite\node_modules\@esbuild\win32-ia32
211 silly reify mark deleted [
211 silly reify   'C:\\Users\\reymi\\Desktop\\rockgames\\node_modules\\vite\\node_modules\\@esbuild\\win32-ia32'
211 silly reify ]
212 verbose reify failed optional dependency C:\Users\reymi\Desktop\rockgames\node_modules\vite\node_modules\@esbuild\win32-arm64
213 silly reify mark deleted [
213 silly reify   'C:\\Users\\reymi\\Desktop\\rockgames\\node_modules\\vite\\node_modules\\@esbuild\\win32-arm64'
213 silly reify ]
214 verbose reify failed optional dependency C:\Users\reymi\Desktop\rockgames\node_modules\vite\node_modules\@esbuild\sunos-x64
215 silly reify mark deleted [
215 silly reify   'C:\\Users\\reymi\\Desktop\\rockgames\\node_modules\\vite\\node_modules\\@esbuild\\sunos-x64'
215 silly reify ]
216 verbose reify failed optional dependency C:\Users\reymi\Desktop\rockgames\node_modules\vite\node_modules\@esbuild\openharmony-arm64
217 silly reify mark deleted [
217 silly reify   'C:\\Users\\reymi\\Desktop\\rockgames\\node_modules\\vite\\node_modules\\@esbuild\\openharmony-arm64'
217 silly reify ]
218 verbose reify failed optional dependency C:\Users\reymi\Desktop\rockgames\node_modules\vite\node_modules\@esbuild\openbsd-x64
219 silly reify mark deleted [
219 silly reify   'C:\\Users\\reymi\\Desktop\\rockgames\\node_modules\\vite\\node_modules\\@esbuild\\openbsd-x64'
219 silly reify ]
220 verbose reify failed optional dependency C:\Users\reymi\Desktop\rockgames\node_modules\vite\node_modules\@esbuild\openbsd-arm64
221 silly reify mark deleted [
221 silly reify   'C:\\Users\\reymi\\Desktop\\rockgames\\node_modules\\vite\\node_modules\\@esbuild\\openbsd-arm64'
221 silly reify ]
222 verbose reify failed optional dependency C:\Users\reymi\Desktop\rockgames\node_modules\vite\node_modules\@esbuild\netbsd-x64
223 silly reify mark deleted [
223 silly reify   'C:\\Users\\reymi\\Desktop\\rockgames\\node_modules\\vite\\node_modules\\@esbuild\\netbsd-x64'
223 silly reify ]
224 verbose reify failed optional dependency C:\Users\reymi\Desktop\rockgames\node_modules\vite\node_modules\@esbuild\netbsd-arm64
225 silly reify mark deleted [
225 silly reify   'C:\\Users\\reymi\\Desktop\\rockgames\\node_modules\\vite\\node_modules\\@esbuild\\netbsd-arm64'
225 silly reify ]
226 verbose reify failed optional dependency C:\Users\reymi\Desktop\rockgames\node_modules\vite\node_modules\@esbuild\linux-x64
227 silly reify mark deleted [
227 silly reify   'C:\\Users\\reymi\\Desktop\\rockgames\\node_modules\\vite\\node_modules\\@esbuild\\linux-x64'
227 silly reify ]
228 verbose reify failed optional dependency C:\Users\reymi\Desktop\rockgames\node_modules\vite\node_modules\@esbuild\linux-s390x
229 silly reify mark deleted [
229 silly reify   'C:\\Users\\reymi\\Desktop\\rockgames\\node_modules\\vite\\node_modules\\@esbuild\\linux-s390x'
229 silly reify ]
230 verbose reify failed optional dependency C:\Users\reymi\Desktop\rockgames\node_modules\vite\node_modules\@esbuild\linux-riscv64
231 silly reify mark deleted [
231 silly reify   'C:\\Users\\reymi\\Desktop\\rockgames\\node_modules\\vite\\node_modules\\@esbuild\\linux-riscv64'
231 silly reify ]
232 verbose reify failed optional dependency C:\Users\reymi\Desktop\rockgames\node_modules\vite\node_modules\@esbuild\linux-ppc64
233 silly reify mark deleted [
233 silly reify   'C:\\Users\\reymi\\Desktop\\rockgames\\node_modules\\vite\\node_modules\\@esbuild\\linux-ppc64'
233 silly reify ]
234 verbose reify failed optional dependency C:\Users\reymi\Desktop\rockgames\node_modules\vite\node_modules\@esbuild\linux-mips64el
235 silly reify mark deleted [
235 silly reify   'C:\\Users\\reymi\\Desktop\\rockgames\\node_modules\\vite\\node_modules\\@esbuild\\linux-mips64el'
235 silly reify ]
236 verbose reify failed optional dependency C:\Users\reymi\Desktop\rockgames\node_modules\vite\node_modules\@esbuild\linux-loong64
237 silly reify mark deleted [
237 silly reify   'C:\\Users\\reymi\\Desktop\\rockgames\\node_modules\\vite\\node_modules\\@esbuild\\linux-loong64'
237 silly reify ]
238 verbose reify failed optional dependency C:\Users\reymi\Desktop\rockgames\node_modules\vite\node_modules\@esbuild\linux-ia32
239 silly reify mark deleted [
239 silly reify   'C:\\Users\\reymi\\Desktop\\rockgames\\node_modules\\vite\\node_modules\\@esbuild\\linux-ia32'
239 silly reify ]
240 verbose reify failed optional dependency C:\Users\reymi\Desktop\rockgames\node_modules\vite\node_modules\@esbuild\linux-arm64
241 silly reify mark deleted [
241 silly reify   'C:\\Users\\reymi\\Desktop\\rockgames\\node_modules\\vite\\node_modules\\@esbuild\\linux-arm64'
241 silly reify ]
242 verbose reify failed optional dependency C:\Users\reymi\Desktop\rockgames\node_modules\vite\node_modules\@esbuild\linux-arm
243 silly reify mark deleted [
243 silly reify   'C:\\Users\\reymi\\Desktop\\rockgames\\node_modules\\vite\\node_modules\\@esbuild\\linux-arm'
243 silly reify ]
244 verbose reify failed optional dependency C:\Users\reymi\Desktop\rockgames\node_modules\vite\node_modules\@esbuild\freebsd-x64
245 silly reify mark deleted [
245 silly reify   'C:\\Users\\reymi\\Desktop\\rockgames\\node_modules\\vite\\node_modules\\@esbuild\\freebsd-x64'
245 silly reify ]
246 verbose reify failed optional dependency C:\Users\reymi\Desktop\rockgames\node_modules\vite\node_modules\@esbuild\freebsd-arm64
247 silly reify mark deleted [
247 silly reify   'C:\\Users\\reymi\\Desktop\\rockgames\\node_modules\\vite\\node_modules\\@esbuild\\freebsd-arm64'
247 silly reify ]
248 verbose reify failed optional dependency C:\Users\reymi\Desktop\rockgames\node_modules\vite\node_modules\@esbuild\darwin-x64
249 silly reify mark deleted [
249 silly reify   'C:\\Users\\reymi\\Desktop\\rockgames\\node_modules\\vite\\node_modules\\@esbuild\\darwin-x64'
249 silly reify ]
250 verbose reify failed optional dependency C:\Users\reymi\Desktop\rockgames\node_modules\vite\node_modules\@esbuild\darwin-arm64
251 silly reify mark deleted [
251 silly reify   'C:\\Users\\reymi\\Desktop\\rockgames\\node_modules\\vite\\node_modules\\@esbuild\\darwin-arm64'
251 silly reify ]
252 verbose reify failed optional dependency C:\Users\reymi\Desktop\rockgames\node_modules\vite\node_modules\@esbuild\android-x64
253 silly reify mark deleted [
253 silly reify   'C:\\Users\\reymi\\Desktop\\rockgames\\node_modules\\vite\\node_modules\\@esbuild\\android-x64'
253 silly reify ]
254 verbose reify failed optional dependency C:\Users\reymi\Desktop\rockgames\node_modules\vite\node_modules\@esbuild\android-arm64
255 silly reify mark deleted [
255 silly reify   'C:\\Users\\reymi\\Desktop\\rockgames\\node_modules\\vite\\node_modules\\@esbuild\\android-arm64'
255 silly reify ]
256 verbose reify failed optional dependency C:\Users\reymi\Desktop\rockgames\node_modules\vite\node_modules\@esbuild\android-arm
257 silly reify mark deleted [
257 silly reify   'C:\\Users\\reymi\\Desktop\\rockgames\\node_modules\\vite\\node_modules\\@esbuild\\android-arm'
257 silly reify ]
258 verbose reify failed optional dependency C:\Users\reymi\Desktop\rockgames\node_modules\vite\node_modules\@esbuild\aix-ppc64
259 silly reify mark deleted [
259 silly reify   'C:\\Users\\reymi\\Desktop\\rockgames\\node_modules\\vite\\node_modules\\@esbuild\\aix-ppc64'
259 silly reify ]
260 http cache @fontsource-variable/google-sans-flex@https://registry.npmjs.org/@fontsource-variable/google-sans-flex/-/google-sans-flex-5.3.1.tgz 0ms (cache hit)
261 silly tarball no local data for @fontsource-variable/google-sans-flex@https://registry.npmjs.org/@fontsource-variable/google-sans-flex/-/google-sans-flex-5.3.1.tgz. Extracting by manifest.
262 http fetch POST 200 https://registry.npmjs.org/-/npm/v1/security/advisories/bulk 130ms
263 silly audit report {
263 silly audit report   astro: [
263 silly audit report     {
263 silly audit report       id: 1118920,
263 silly audit report       url: 'https://github.com/advisories/GHSA-xr5h-phrj-8vxv',
263 silly audit report       title: 'Astro: Server island encrypted parameters vulnerable to cross-component replay',
263 silly audit report       severity: 'low',
263 silly audit report       vulnerable_versions: '<6.1.10',
263 silly audit report       cwe: [Array],
263 silly audit report       cvss: [Object]
263 silly audit report     },
263 silly audit report     {
263 silly audit report       id: 1117141,
263 silly audit report       url: 'https://github.com/advisories/GHSA-j687-52p2-xcff',
263 silly audit report       title: 'Astro: XSS in define:vars via incomplete </script> tag sanitization',
263 silly audit report       severity: 'moderate',
263 silly audit report       vulnerable_versions: '<6.1.6',
263 silly audit report       cwe: [Array],
263 silly audit report       cvss: [Object]
263 silly audit report     },
263 silly audit report     {
263 silly audit report       id: 1123700,
263 silly audit report       url: 'https://github.com/advisories/GHSA-jrpj-wcv7-9fh9',
263 silly audit report       title: 'Astro: XSS via Unescaped Attribute Names in Spread Props',
263 silly audit report       severity: 'moderate',
263 silly audit report       vulnerable_versions: '<6.4.6',
263 silly audit report       cwe: [Array],
263 silly audit report       cvss: [Object]
263 silly audit report     },
263 silly audit report     {
263 silly audit report       id: 1139373,
263 silly audit report       url: 'https://github.com/advisories/GHSA-f48w-9m4c-m7f5',
263 silly audit report       title: 'Astro: XSS via unescaped spread attribute names in renderHTMLElement (incomplete fix for CVE-2026-54298)',
263 silly audit report       severity: 'moderate',
263 silly audit report       vulnerable_versions: '<7.0.6',
263 silly audit report       cwe: [Array],
263 silly audit report       cvss: [Object]
263 silly audit report     },
263 silly audit report     {
263 silly audit report       id: 1139375,
263 silly audit report       url: 'https://github.com/advisories/GHSA-7pw4-f3q4-r2p2',
263 silly audit report       title: 'Astro: Cross-site scripting via unescaped transition:* directive values on hydrated islands',
263 silly audit report       severity: 'low',
263 silly audit report       vulnerable_versions: '>=3.10.0 <7.0.4',
263 silly audit report       cwe: [Array],
263 silly audit report       cvss: [Object]
263 silly audit report     },
263 silly audit report     {
263 silly audit report       id: 1139376,
263 silly audit report       url: 'https://github.com/advisories/GHSA-4g3v-8h47-v7g6',
263 silly audit report       title: 'Astro: Reflected XSS via unescaped View Transition animation properties',
263 silly audit report       severity: 'moderate',
263 silly audit report       vulnerable_versions: '>=2.9.0 <=7.0.9',
263 silly audit report       cwe: [Array],
263 silly audit report       cvss: [Object]
263 silly audit report     },
263 silly audit report     {
263 silly audit report       id: 1139377,
263 silly audit report       url: 'https://github.com/advisories/GHSA-2pvr-wf23-7pc7',
263 silly audit report       title: 'Astro: Host header SSRF in prerendered error page fetch',
263 silly audit report       severity: 'high',
263 silly audit report       vulnerable_versions: '<6.4.6',
263 silly audit report       cwe: [Array],
263 silly audit report       cvss: [Object]
263 silly audit report     },
263 silly audit report     {
263 silly audit report       id: 1139378,
263 silly audit report       url: 'https://github.com/advisories/GHSA-8hv8-536x-4wqp',
263 silly audit report       title: 'Astro: Reflected XSS via unescaped slot name',
263 silly audit report       severity: 'high',
263 silly audit report       vulnerable_versions: '<6.3.3',
263 silly audit report       cwe: [Array],
263 silly audit report       cvss: [Object]
263 silly audit report     },
263 silly audit report     {
263 silly audit report       id: 1193723,
263 silly audit report       url: 'https://github.com/advisories/GHSA-26w7-cxv4-gfx2',
263 silly audit report       title: 'Astro: Remote code execution through AVIF image optimization',
263 silly audit report       severity: 'critical',
263 silly audit report       vulnerable_versions: '<7.2.8',
263 silly audit report       cwe: [Array],
263 silly audit report       cvss: [Object]
263 silly audit report     },
263 silly audit report     {
263 silly audit report       id: 1193724,
263 silly audit report       url: 'https://github.com/advisories/GHSA-376h-93r7-7g6f',
263 silly audit report       title: 'Astro: Authorization bypass from missing path-segment boundary check when stripping the configured base',
263 silly audit report       severity: 'moderate',
263 silly audit report       vulnerable_versions: '<=7.2.3',
263 silly audit report       cwe: [Array],
263 silly audit report       cvss: [Object]
263 silly audit report     }
263 silly audit report   ],
263 silly audit report   esbuild: [
263 silly audit report     {
263 silly audit report       id: 1120680,
263 silly audit report       url: 'https://github.com/advisories/GHSA-g7r4-m6w7-qqqr',
263 silly audit report       title: 'esbuild allows arbitrary file read when running the development server on Windows',
263 silly audit report       severity: 'low',
263 silly audit report       vulnerable_versions: '>=0.27.3 <0.28.1',
263 silly audit report       cwe: [Array],
263 silly audit report       cvss: [Object]
263 silly audit report     }
263 silly audit report   ],
263 silly audit report   'http-cache-semantics': [
263 silly audit report     {
263 silly audit report       id: 1240991,
263 silly audit report       url: 'https://github.com/advisories/GHSA-ch52-4w7c-c8xp',
263 silly audit report       title: 'http-cache-semantics max-stale handling can disclose cross-user cached responses',
263 silly audit report       severity: 'high',
263 silly audit report       vulnerable_versions: '<=4.2.0',
263 silly audit report       cwe: [Array],
263 silly audit report       cvss: [Object]
263 silly audit report     }
263 silly audit report   ],
263 silly audit report   sharp: [
263 silly audit report     {
263 silly audit report       id: 1124066,
263 silly audit report       url: 'https://github.com/advisories/GHSA-f88m-g3jw-g9cj',
263 silly audit report       title: 'sharp inherited vulnerabilities in libvips: CVE-2026-33327, CVE-2026-33328, CVE-2026-35590, CVE-2026-35591',
263 silly audit report       severity: 'high',
263 silly audit report       vulnerable_versions: '<0.35.0',
263 silly audit report       cwe: [Array],
263 silly audit report       cvss: [Object]
263 silly audit report     },
263 silly audit report     {
263 silly audit report       id: 1193725,
263 silly audit report       url: 'https://github.com/advisories/GHSA-rgj7-g3m4-5g8c',
263 silly audit report       title: 'sharp: Vulnerabilities in libheif: GHSA-g89c-p67h-r497 and GHSA-2jg2-4ch7-h545',
263 silly audit report       severity: 'high',
263 silly audit report       vulnerable_versions: '<0.35.4',
263 silly audit report       cwe: [Array],
263 silly audit report       cvss: [Object]
263 silly audit report     }
263 silly audit report   ]
263 silly audit report }
264 silly packumentCache corgi:https://registry.npmjs.org/astro cache-miss
265 silly packumentCache corgi:https://registry.npmjs.org/esbuild cache-miss
266 silly packumentCache corgi:https://registry.npmjs.org/http-cache-semantics cache-miss
267 silly packumentCache corgi:https://registry.npmjs.org/sharp cache-miss
268 http fetch GET 200 https://registry.npmjs.org/http-cache-semantics 96ms (cache revalidated)
269 silly packumentCache corgi:https://registry.npmjs.org/http-cache-semantics set size:23293 disposed:false
270 http fetch GET 200 https://registry.npmjs.org/esbuild 123ms (cache revalidated)
271 silly packumentCache corgi:https://registry.npmjs.org/esbuild set size:889133 disposed:false
272 http fetch GET 200 https://registry.npmjs.org/astro 337ms (cache revalidated)
273 silly packumentCache corgi:https://registry.npmjs.org/astro set size:4550652 disposed:false
274 http fetch GET 200 https://registry.npmjs.org/sharp 539ms (cache revalidated)
275 silly packumentCache corgi:https://registry.npmjs.org/sharp set size:304458 disposed:false
276 http fetch GET 200 https://registry.npmjs.org/@fontsource-variable/google-sans-flex/-/google-sans-flex-5.3.1.tgz 996ms (cache miss)
277 silly ADD node_modules/@fontsource-variable/google-sans-flex
278 silly ADD node_modules/lightningcss-win32-arm64-msvc
279 silly ADD node_modules/lightningcss-linux-x64-musl
280 silly ADD node_modules/lightningcss-linux-x64-gnu
281 silly ADD node_modules/lightningcss-linux-arm64-musl
282 silly ADD node_modules/lightningcss-linux-arm64-gnu
283 silly ADD node_modules/lightningcss-linux-arm-gnueabihf
284 silly ADD node_modules/lightningcss-freebsd-x64
285 silly ADD node_modules/lightningcss-darwin-x64
286 silly ADD node_modules/lightningcss-darwin-arm64
287 silly ADD node_modules/lightningcss-android-arm64
288 silly ADD node_modules/fsevents
289 silly ADD node_modules/@tailwindcss/oxide-win32-arm64-msvc
290 silly ADD node_modules/@tailwindcss/oxide-wasm32-wasi
291 silly ADD node_modules/@tailwindcss/oxide-linux-x64-musl
292 silly ADD node_modules/@tailwindcss/oxide-linux-x64-gnu
293 silly ADD node_modules/@tailwindcss/oxide-linux-arm64-musl
294 silly ADD node_modules/@tailwindcss/oxide-linux-arm64-gnu
295 silly ADD node_modules/@tailwindcss/oxide-linux-arm-gnueabihf
296 silly ADD node_modules/@tailwindcss/oxide-freebsd-x64
297 silly ADD node_modules/@tailwindcss/oxide-darwin-x64
298 silly ADD node_modules/@tailwindcss/oxide-darwin-arm64
299 silly ADD node_modules/@tailwindcss/oxide-android-arm64
300 silly ADD node_modules/@rollup/rollup-win32-ia32-msvc
301 silly ADD node_modules/@rollup/rollup-win32-arm64-msvc
302 silly ADD node_modules/@rollup/rollup-openharmony-arm64
303 silly ADD node_modules/@rollup/rollup-openbsd-x64
304 silly ADD node_modules/@rollup/rollup-linux-x64-musl
305 silly ADD node_modules/@rollup/rollup-linux-x64-gnu
306 silly ADD node_modules/@rollup/rollup-linux-s390x-gnu
307 silly ADD node_modules/@rollup/rollup-linux-riscv64-musl
308 silly ADD node_modules/@rollup/rollup-linux-riscv64-gnu
309 silly ADD node_modules/@rollup/rollup-linux-ppc64-musl
310 silly ADD node_modules/@rollup/rollup-linux-ppc64-gnu
311 silly ADD node_modules/@rollup/rollup-linux-loong64-musl
312 silly ADD node_modules/@rollup/rollup-linux-loong64-gnu
313 silly ADD node_modules/@rollup/rollup-linux-arm64-musl
314 silly ADD node_modules/@rollup/rollup-linux-arm64-gnu
315 silly ADD node_modules/@rollup/rollup-linux-arm-musleabihf
316 silly ADD node_modules/@rollup/rollup-linux-arm-gnueabihf
317 silly ADD node_modules/@rollup/rollup-freebsd-x64
318 silly ADD node_modules/@rollup/rollup-freebsd-arm64
319 silly ADD node_modules/@rollup/rollup-darwin-x64
320 silly ADD node_modules/@rollup/rollup-darwin-arm64
321 silly ADD node_modules/@rollup/rollup-android-arm64
322 silly ADD node_modules/@rollup/rollup-android-arm-eabi
323 silly ADD node_modules/@napi-rs/lzma-linux-x64-gnu
324 silly ADD node_modules/@img/sharp-win32-ia32
325 silly ADD node_modules/@img/sharp-win32-arm64
326 silly ADD node_modules/@img/sharp-wasm32
327 silly ADD node_modules/@img/sharp-linuxmusl-x64
328 silly ADD node_modules/@img/sharp-linuxmusl-arm64
329 silly ADD node_modules/@img/sharp-linux-x64
330 silly ADD node_modules/@img/sharp-linux-s390x
331 silly ADD node_modules/@img/sharp-linux-riscv64
332 silly ADD node_modules/@img/sharp-linux-ppc64
333 silly ADD node_modules/@img/sharp-linux-arm64
334 silly ADD node_modules/@img/sharp-linux-arm
335 silly ADD node_modules/@img/sharp-libvips-linuxmusl-x64
336 silly ADD node_modules/@img/sharp-libvips-linuxmusl-arm64
337 silly ADD node_modules/@img/sharp-libvips-linux-x64
338 silly ADD node_modules/@img/sharp-libvips-linux-s390x
339 silly ADD node_modules/@img/sharp-libvips-linux-riscv64
340 silly ADD node_modules/@img/sharp-libvips-linux-ppc64
341 silly ADD node_modules/@img/sharp-libvips-linux-arm64
342 silly ADD node_modules/@img/sharp-libvips-linux-arm
343 silly ADD node_modules/@img/sharp-libvips-darwin-x64
344 silly ADD node_modules/@img/sharp-libvips-darwin-arm64
345 silly ADD node_modules/@img/sharp-darwin-x64
346 silly ADD node_modules/@img/sharp-darwin-arm64
347 silly ADD node_modules/@esbuild/win32-ia32
348 silly ADD node_modules/@esbuild/win32-arm64
349 silly ADD node_modules/@esbuild/sunos-x64
350 silly ADD node_modules/@esbuild/openharmony-arm64
351 silly ADD node_modules/@esbuild/openbsd-x64
352 silly ADD node_modules/@esbuild/openbsd-arm64
353 silly ADD node_modules/@esbuild/netbsd-x64
354 silly ADD node_modules/@esbuild/netbsd-arm64
355 silly ADD node_modules/@esbuild/linux-x64
356 silly ADD node_modules/@esbuild/linux-s390x
357 silly ADD node_modules/@esbuild/linux-riscv64
358 silly ADD node_modules/@esbuild/linux-ppc64
359 silly ADD node_modules/@esbuild/linux-mips64el
360 silly ADD node_modules/@esbuild/linux-loong64
361 silly ADD node_modules/@esbuild/linux-ia32
362 silly ADD node_modules/@esbuild/linux-arm64
363 silly ADD node_modules/@esbuild/linux-arm
364 silly ADD node_modules/@esbuild/freebsd-x64
365 silly ADD node_modules/@esbuild/freebsd-arm64
366 silly ADD node_modules/@esbuild/darwin-x64
367 silly ADD node_modules/@esbuild/darwin-arm64
368 silly ADD node_modules/@esbuild/android-x64
369 silly ADD node_modules/@esbuild/android-arm64
370 silly ADD node_modules/@esbuild/android-arm
371 silly ADD node_modules/@esbuild/aix-ppc64
372 silly ADD node_modules/vite/node_modules/@esbuild/win32-ia32
373 silly ADD node_modules/vite/node_modules/@esbuild/win32-arm64
374 silly ADD node_modules/vite/node_modules/@esbuild/sunos-x64
375 silly ADD node_modules/vite/node_modules/@esbuild/openharmony-arm64
376 silly ADD node_modules/vite/node_modules/@esbuild/openbsd-x64
377 silly ADD node_modules/vite/node_modules/@esbuild/openbsd-arm64
378 silly ADD node_modules/vite/node_modules/@esbuild/netbsd-x64
379 silly ADD node_modules/vite/node_modules/@esbuild/netbsd-arm64
380 silly ADD node_modules/vite/node_modules/@esbuild/linux-x64
381 silly ADD node_modules/vite/node_modules/@esbuild/linux-s390x
382 silly ADD node_modules/vite/node_modules/@esbuild/linux-riscv64
383 silly ADD node_modules/vite/node_modules/@esbuild/linux-ppc64
384 silly ADD node_modules/vite/node_modules/@esbuild/linux-mips64el
385 silly ADD node_modules/vite/node_modules/@esbuild/linux-loong64
386 silly ADD node_modules/vite/node_modules/@esbuild/linux-ia32
387 silly ADD node_modules/vite/node_modules/@esbuild/linux-arm64
388 silly ADD node_modules/vite/node_modules/@esbuild/linux-arm
389 silly ADD node_modules/vite/node_modules/@esbuild/freebsd-x64
390 silly ADD node_modules/vite/node_modules/@esbuild/freebsd-arm64
391 silly ADD node_modules/vite/node_modules/@esbuild/darwin-x64
392 silly ADD node_modules/vite/node_modules/@esbuild/darwin-arm64
393 silly ADD node_modules/vite/node_modules/@esbuild/android-x64
394 silly ADD node_modules/vite/node_modules/@esbuild/android-arm64
395 silly ADD node_modules/vite/node_modules/@esbuild/android-arm
396 silly ADD node_modules/vite/node_modules/@esbuild/aix-ppc64
397 verbose cwd C:\Users\reymi\Desktop\rockgames
398 verbose os Windows_NT 10.0.19045
399 verbose node v22.20.0
400 verbose npm  v11.5.2
401 verbose exit 0
402 info ok
