0 verbose cli C:\Program Files\nodejs\node.exe C:\Users\reymi\AppData\Roaming\npm\node_modules\npm\bin\npm-cli.js
1 info using npm@11.5.2
2 info using node@v22.20.0
3 silly config load:file:C:\Users\reymi\AppData\Roaming\npm\node_modules\npm\npmrc
4 silly config load:file:C:\Users\reymi\Desktop\rockgames\.npmrc
5 silly config load:file:C:\Users\reymi\.npmrc
6 silly config load:file:C:\Users\reymi\AppData\Roaming\npm\etc\npmrc
7 verbose title npm audit
8 verbose argv "audit" "--json" "--cache" ".npm-cache"
9 verbose logfile logs-max:10 dir:C:\Users\reymi\Desktop\rockgames\.npm-cache\_logs\2026-10-03T22_21_40_001Z-
10 verbose logfile C:\Users\reymi\Desktop\rockgames\.npm-cache\_logs\2026-10-03T22_21_40_001Z-debug-0.log
11 silly logfile done cleaning log files
12 silly packumentCache heap:4345298944 maxSize:1086324736 maxEntrySize:543162368
13 silly audit report null
14 verbose cwd C:\Users\reymi\Desktop\rockgames
15 verbose os Windows_NT 10.0.19045
16 verbose node v22.20.0
17 verbose npm  v11.5.2
18 verbose exit 0
19 info ok
