0 verbose cli C:\Program Files\nodejs\node.exe C:\Users\reymi\AppData\Roaming\npm\node_modules\npm\bin\npm-cli.js
1 info using npm@11.5.2
2 info using node@v22.20.0
3 silly config load:file:C:\Users\reymi\AppData\Roaming\npm\node_modules\npm\npmrc
4 silly config load:file:C:\Users\reymi\Desktop\rockgames\.npmrc
5 silly config load:file:C:\Users\reymi\.npmrc
6 silly config load:file:C:\Users\reymi\AppData\Roaming\npm\etc\npmrc
7 verbose title npm audit
8 verbose argv "audit" "--omit" "dev" "--json" "--cache" ".npm-cache"
9 verbose logfile logs-max:10 dir:C:\Users\reymi\Desktop\rockgames\.npm-cache\_logs\2026-10-03T23_07_19_509Z-
10 verbose logfile C:\Users\reymi\Desktop\rockgames\.npm-cache\_logs\2026-10-03T23_07_19_509Z-debug-0.log
11 silly logfile done cleaning log files
12 silly packumentCache heap:4345298944 maxSize:1086324736 maxEntrySize:543162368
13 silly audit bulk request {
13 silly audit   '@astrojs/compiler': [ '2.13.1' ],
13 silly audit   '@astrojs/internal-helpers': [ '0.7.6' ],
13 silly audit   '@astrojs/markdown-remark': [ '6.3.11' ],
13 silly audit   '@astrojs/prism': [ '3.3.0' ],
13 silly audit   '@astrojs/react': [ '4.4.2' ],
13 silly audit   '@astrojs/telemetry': [ '3.3.0' ],
13 silly audit   '@babel/code-frame': [ '7.29.7' ],
13 silly audit   '@babel/compat-data': [ '7.29.7' ],
13 silly audit   '@babel/core': [ '7.29.7' ],
13 silly audit   '@babel/generator': [ '7.29.8' ],
13 silly audit   '@babel/helper-compilation-targets': [ '7.29.7' ],
13 silly audit   '@babel/helper-globals': [ '7.29.7' ],
13 silly audit   '@babel/helper-module-imports': [ '7.29.7' ],
13 silly audit   '@babel/helper-module-transforms': [ '7.29.7' ],
13 silly audit   '@babel/helper-plugin-utils': [ '7.29.7' ],
13 silly audit   '@babel/helper-string-parser': [ '7.29.7' ],
13 silly audit   '@babel/helper-validator-identifier': [ '7.29.7' ],
13 silly audit   '@babel/helper-validator-option': [ '7.29.7' ],
13 silly audit   '@babel/helpers': [ '7.29.7' ],
13 silly audit   '@babel/parser': [ '7.29.9' ],
13 silly audit   '@babel/plugin-transform-react-jsx-self': [ '7.29.7' ],
13 silly audit   '@babel/plugin-transform-react-jsx-source': [ '7.29.7' ],
13 silly audit   '@babel/template': [ '7.29.7' ],
13 silly audit   '@babel/traverse': [ '7.29.8' ],
13 silly audit   '@babel/types': [ '7.29.8' ],
13 silly audit   '@capsizecss/unpack': [ '4.0.1' ],
13 silly audit   '@emnapi/runtime': [ '1.11.3' ],
13 silly audit   '@esbuild/aix-ppc64': [ '0.27.7', '0.25.12' ],
13 silly audit   '@esbuild/android-arm': [ '0.27.7', '0.25.12' ],
13 silly audit   '@esbuild/android-arm64': [ '0.27.7', '0.25.12' ],
13 silly audit   '@esbuild/android-x64': [ '0.27.7', '0.25.12' ],
13 silly audit   '@esbuild/darwin-arm64': [ '0.27.7', '0.25.12' ],
13 silly audit   '@esbuild/darwin-x64': [ '0.27.7', '0.25.12' ],
13 silly audit   '@esbuild/freebsd-arm64': [ '0.27.7', '0.25.12' ],
13 silly audit   '@esbuild/freebsd-x64': [ '0.27.7', '0.25.12' ],
13 silly audit   '@esbuild/linux-arm': [ '0.27.7', '0.25.12' ],
13 silly audit   '@esbuild/linux-arm64': [ '0.27.7', '0.25.12' ],
13 silly audit   '@esbuild/linux-ia32': [ '0.27.7', '0.25.12' ],
13 silly audit   '@esbuild/linux-loong64': [ '0.27.7', '0.25.12' ],
13 silly audit   '@esbuild/linux-mips64el': [ '0.27.7', '0.25.12' ],
13 silly audit   '@esbuild/linux-ppc64': [ '0.27.7', '0.25.12' ],
13 silly audit   '@esbuild/linux-riscv64': [ '0.27.7', '0.25.12' ],
13 silly audit   '@esbuild/linux-s390x': [ '0.27.7', '0.25.12' ],
13 silly audit   '@esbuild/linux-x64': [ '0.27.7', '0.25.12' ],
13 silly audit   '@esbuild/netbsd-arm64': [ '0.27.7', '0.25.12' ],
13 silly audit   '@esbuild/netbsd-x64': [ '0.27.7', '0.25.12' ],
13 silly audit   '@esbuild/openbsd-arm64': [ '0.27.7', '0.25.12' ],
13 silly audit   '@esbuild/openbsd-x64': [ '0.27.7', '0.25.12' ],
13 silly audit   '@esbuild/openharmony-arm64': [ '0.27.7', '0.25.12' ],
13 silly audit   '@esbuild/sunos-x64': [ '0.27.7', '0.25.12' ],
13 silly audit   '@esbuild/win32-arm64': [ '0.27.7', '0.25.12' ],
13 silly audit   '@esbuild/win32-ia32': [ '0.27.7', '0.25.12' ],
13 silly audit   '@esbuild/win32-x64': [ '0.27.7', '0.25.12' ],
13 silly audit   '@fontsource-variable/google-sans': [ '5.3.1' ],
13 silly audit   '@fontsource-variable/google-sans-flex': [ '5.3.1' ],
13 silly audit   '@img/colour': [ '1.1.0' ],
13 silly audit   '@img/sharp-darwin-arm64': [ '0.34.5' ],
13 silly audit   '@img/sharp-darwin-x64': [ '0.34.5' ],
13 silly audit   '@img/sharp-libvips-darwin-arm64': [ '1.2.4' ],
13 silly audit   '@img/sharp-libvips-darwin-x64': [ '1.2.4' ],
13 silly audit   '@img/sharp-libvips-linux-arm': [ '1.2.4' ],
13 silly audit   '@img/sharp-libvips-linux-arm64': [ '1.2.4' ],
13 silly audit   '@img/sharp-libvips-linux-ppc64': [ '1.2.4' ],
13 silly audit   '@img/sharp-libvips-linux-riscv64': [ '1.2.4' ],
13 silly audit   '@img/sharp-libvips-linux-s390x': [ '1.2.4' ],
13 silly audit   '@img/sharp-libvips-linux-x64': [ '1.2.4' ],
13 silly audit   '@img/sharp-libvips-linuxmusl-arm64': [ '1.2.4' ],
13 silly audit   '@img/sharp-libvips-linuxmusl-x64': [ '1.2.4' ],
13 silly audit   '@img/sharp-linux-arm': [ '0.34.5' ],
13 silly audit   '@img/sharp-linux-arm64': [ '0.34.5' ],
13 silly audit   '@img/sharp-linux-ppc64': [ '0.34.5' ],
13 silly audit   '@img/sharp-linux-riscv64': [ '0.34.5' ],
13 silly audit   '@img/sharp-linux-s390x': [ '0.34.5' ],
13 silly audit   '@img/sharp-linux-x64': [ '0.34.5' ],
13 silly audit   '@img/sharp-linuxmusl-arm64': [ '0.34.5' ],
13 silly audit   '@img/sharp-linuxmusl-x64': [ '0.34.5' ],
13 silly audit   '@img/sharp-wasm32': [ '0.34.5' ],
13 silly audit   '@img/sharp-win32-arm64': [ '0.34.5' ],
13 silly audit   '@img/sharp-win32-ia32': [ '0.34.5' ],
13 silly audit   '@img/sharp-win32-x64': [ '0.34.5' ],
13 silly audit   '@jridgewell/gen-mapping': [ '0.3.13' ],
13 silly audit   '@jridgewell/remapping': [ '2.3.5' ],
13 silly audit   '@jridgewell/resolve-uri': [ '3.1.2' ],
13 silly audit   '@jridgewell/sourcemap-codec': [ '1.6.0' ],
13 silly audit   '@jridgewell/trace-mapping': [ '0.3.31' ],
13 silly audit   '@napi-rs/lzma-linux-x64-gnu': [ '1.5.1' ],
13 silly audit   '@oslojs/encoding': [ '1.1.0' ],
13 silly audit   '@rolldown/pluginutils': [ '1.0.0-beta.27' ],
13 silly audit   '@rollup/pluginutils': [ '5.4.0' ],
13 silly audit   'estree-walker': [ '2.0.2', '3.0.3' ],
13 silly audit   '@rollup/rollup-android-arm-eabi': [ '4.64.0' ],
13 silly audit   '@rollup/rollup-android-arm64': [ '4.64.0' ],
13 silly audit   '@rollup/rollup-darwin-arm64': [ '4.64.0' ],
13 silly audit   '@rollup/rollup-darwin-x64': [ '4.64.0' ],
13 silly audit   '@rollup/rollup-freebsd-arm64': [ '4.64.0' ],
13 silly audit   '@rollup/rollup-freebsd-x64': [ '4.64.0' ],
13 silly audit   '@rollup/rollup-linux-arm-gnueabihf': [ '4.64.0' ],
13 silly audit   '@rollup/rollup-linux-arm-musleabihf': [ '4.64.0' ],
13 silly audit   '@rollup/rollup-linux-arm64-gnu': [ '4.64.0' ],
13 silly audit   '@rollup/rollup-linux-arm64-musl': [ '4.64.0' ],
13 silly audit   '@rollup/rollup-linux-loong64-gnu': [ '4.64.0' ],
13 silly audit   '@rollup/rollup-linux-loong64-musl': [ '4.64.0' ],
13 silly audit   '@rollup/rollup-linux-ppc64-gnu': [ '4.64.0' ],
13 silly audit   '@rollup/rollup-linux-ppc64-musl': [ '4.64.0' ],
13 silly audit   '@rollup/rollup-linux-riscv64-gnu': [ '4.64.0' ],
13 silly audit   '@rollup/rollup-linux-riscv64-musl': [ '4.64.0' ],
13 silly audit   '@rollup/rollup-linux-s390x-gnu': [ '4.64.0' ],
13 silly audit   '@rollup/rollup-linux-x64-gnu': [ '4.64.0' ],
13 silly audit   '@rollup/rollup-linux-x64-musl': [ '4.64.0' ],
13 silly audit   '@rollup/rollup-openbsd-x64': [ '4.64.0' ],
13 silly audit   '@rollup/rollup-openharmony-arm64': [ '4.64.0' ],
13 silly audit   '@rollup/rollup-win32-arm64-msvc': [ '4.64.0' ],
13 silly audit   '@rollup/rollup-win32-ia32-msvc': [ '4.64.0' ],
13 silly audit   '@rollup/rollup-win32-x64-gnu': [ '4.64.0' ],
13 silly audit   '@rollup/rollup-win32-x64-msvc': [ '4.64.0' ],
13 silly audit   '@shikijs/core': [ '3.23.0' ],
13 silly audit   '@shikijs/engine-javascript': [ '3.23.0' ],
13 silly audit   '@shikijs/engine-oniguruma': [ '3.23.0' ],
13 silly audit   '@shikijs/langs': [ '3.23.0' ],
13 silly audit   '@shikijs/themes': [ '3.23.0' ],
13 silly audit   '@shikijs/types': [ '3.23.0' ],
13 silly audit   '@shikijs/vscode-textmate': [ '10.0.2' ],
13 silly audit   '@tailwindcss/node': [ '4.3.3' ],
13 silly audit   '@tailwindcss/oxide': [ '4.3.3' ],
13 silly audit   '@tailwindcss/oxide-android-arm64': [ '4.3.3' ],
13 silly audit   '@tailwindcss/oxide-darwin-arm64': [ '4.3.3' ],
13 silly audit   '@tailwindcss/oxide-darwin-x64': [ '4.3.3' ],
13 silly audit   '@tailwindcss/oxide-freebsd-x64': [ '4.3.3' ],
13 silly audit   '@tailwindcss/oxide-linux-arm-gnueabihf': [ '4.3.3' ],
13 silly audit   '@tailwindcss/oxide-linux-arm64-gnu': [ '4.3.3' ],
13 silly audit   '@tailwindcss/oxide-linux-arm64-musl': [ '4.3.3' ],
13 silly audit   '@tailwindcss/oxide-linux-x64-gnu': [ '4.3.3' ],
13 silly audit   '@tailwindcss/oxide-linux-x64-musl': [ '4.3.3' ],
13 silly audit   '@tailwindcss/oxide-wasm32-wasi': [ '4.3.3' ],
13 silly audit   '@tailwindcss/oxide-win32-arm64-msvc': [ '4.3.3' ],
13 silly audit   '@tailwindcss/oxide-win32-x64-msvc': [ '4.3.3' ],
13 silly audit   '@tailwindcss/vite': [ '4.3.3' ],
13 silly audit   '@types/babel__core': [ '7.20.5' ],
13 silly audit   '@types/babel__generator': [ '7.27.0' ],
13 silly audit   '@types/babel__template': [ '7.4.4' ],
13 silly audit   '@types/babel__traverse': [ '7.28.0' ],
13 silly audit   '@types/debug': [ '4.1.13' ],
13 silly audit   '@types/estree': [ '1.0.9' ],
13 silly audit   '@types/hast': [ '3.0.5' ],
13 silly audit   '@types/mdast': [ '4.0.4' ],
13 silly audit   '@types/ms': [ '2.1.0' ],
13 silly audit   '@types/nlcst': [ '2.0.3' ],
13 silly audit   '@types/react': [ '19.3.0' ],
13 silly audit   '@types/react-dom': [ '19.3.0' ],
13 silly audit   '@types/unist': [ '3.0.3' ],
13 silly audit   '@ungap/structured-clone': [ '1.4.0' ],
13 silly audit   '@vitejs/plugin-react': [ '4.7.0' ],
13 silly audit   acorn: [ '8.18.0' ],
13 silly audit   'ansi-align': [ '3.0.1' ],
13 silly audit   'ansi-regex': [ '5.0.1', '6.4.0' ],
13 silly audit   'emoji-regex': [ '8.0.0', '10.6.0' ],
13 silly audit   'string-width': [ '4.2.3', '7.2.0' ],
13 silly audit   'strip-ansi': [ '6.0.1', '7.2.0' ],
13 silly audit   'ansi-styles': [ '6.2.3' ],
13 silly audit   anymatch: [ '3.1.3' ],
13 silly audit   picomatch: [ '2.3.2', '4.0.7' ],
13 silly audit   argparse: [ '2.0.1' ],
13 silly audit   'aria-query': [ '5.3.2' ],
13 silly audit   'array-iterate': [ '2.0.1' ],
13 silly audit   astro: [ '5.18.2' ],
13 silly audit   semver: [ '7.8.5', '6.3.1' ],
13 silly audit   'axobject-query': [ '4.1.0' ],
13 silly audit   bail: [ '2.0.2' ],
13 silly audit   'base-64': [ '1.0.0' ],
13 silly audit   'baseline-browser-mapping': [ '2.11.27' ],
13 silly audit   boolbase: [ '1.0.0' ],
13 silly audit   boxen: [ '8.0.1' ],
13 silly audit   browserslist: [ '4.29.3' ],
13 silly audit   camelcase: [ '8.0.0' ],
13 silly audit   'caniuse-lite': [ '1.0.30001814' ],
13 silly audit   ccount: [ '2.0.1' ],
13 silly audit   chalk: [ '5.6.2' ],
13 silly audit   'character-entities': [ '2.0.2' ],
13 silly audit   'character-entities-html4': [ '2.1.0' ],
13 silly audit   'character-entities-legacy': [ '3.0.0' ],
13 silly audit   chokidar: [ '5.0.0' ],
13 silly audit   'ci-info': [ '4.4.0' ],
13 silly audit   'cli-boxes': [ '3.0.0' ],
13 silly audit   clsx: [ '2.1.1' ],
13 silly audit   'comma-separated-tokens': [ '2.0.3' ],
13 silly audit   commander: [ '11.1.0' ],
13 silly audit   'common-ancestor-path': [ '1.0.1' ],
13 silly audit   'convert-source-map': [ '2.0.0' ],
13 silly audit   cookie: [ '1.1.1' ],
13 silly audit   'cookie-es': [ '1.2.3' ],
13 silly audit   crossws: [ '0.3.5' ],
13 silly audit   'css-select': [ '6.0.0' ],
13 silly audit   'css-tree': [ '3.2.1', '2.2.1' ],
13 silly audit   'css-what': [ '7.0.0' ],
13 silly audit   cssesc: [ '3.0.0' ],
13 silly audit   csso: [ '5.0.5' ],
13 silly audit   'mdn-data': [ '2.0.28', '2.27.1' ],
13 silly audit   csstype: [ '3.2.3' ],
13 silly audit   debug: [ '4.4.3' ],
13 silly audit   'decode-named-character-reference': [ '1.3.0' ],
13 silly audit   defu: [ '6.1.7' ],
13 silly audit   dequal: [ '2.0.3' ],
13 silly audit   destr: [ '2.0.5' ],
13 silly audit   'detect-libc': [ '2.1.2' ],
13 silly audit   'deterministic-object-hash': [ '2.0.2' ],
13 silly audit   devalue: [ '5.9.4' ],
13 silly audit   devlop: [ '1.1.0' ],
13 silly audit   diff: [ '8.0.4' ],
13 silly audit   dlv: [ '1.1.3' ],
13 silly audit   'dom-serializer': [ '2.0.0' ],
13 silly audit   entities: [ '4.5.0', '6.0.1' ],
13 silly audit   domelementtype: [ '2.3.0' ],
13 silly audit   domhandler: [ '5.0.3' ],
13 silly audit   domutils: [ '3.2.2' ],
13 silly audit   dset: [ '3.1.4' ],
13 silly audit   'electron-to-chromium': [ '1.5.444' ],
13 silly audit   'enhanced-resolve': [ '5.26.0' ],
13 silly audit   'es-module-lexer': [ '1.7.0' ],
13 silly audit   esbuild: [ '0.27.7', '0.25.12' ],
13 silly audit   escalade: [ '3.2.0' ],
13 silly audit   'escape-string-regexp': [ '5.0.0' ],
13 silly audit   eventemitter3: [ '5.0.4' ],
13 silly audit   extend: [ '3.0.2' ],
13 silly audit   fdir: [ '6.5.0' ],
13 silly audit   flattie: [ '1.1.1' ],
13 silly audit   fontace: [ '0.4.1' ],
13 silly audit   fontkitten: [ '1.0.3' ],
13 silly audit   fsevents: [ '2.3.3' ],
13 silly audit   gensync: [ '1.0.0-beta.2' ],
13 silly audit   'get-east-asian-width': [ '1.7.0' ],
13 silly audit   'github-slugger': [ '2.0.0' ],
13 silly audit   'graceful-fs': [ '4.2.11' ],
13 silly audit   gsap: [ '3.15.0' ],
13 silly audit   h3: [ '1.15.11' ],
13 silly audit   'hast-util-from-html': [ '2.0.3' ],
13 silly audit   'hast-util-from-parse5': [ '8.0.3' ],
13 silly audit   'hast-util-is-element': [ '3.0.0' ],
13 silly audit   'hast-util-parse-selector': [ '4.0.0' ],
13 silly audit   'hast-util-raw': [ '9.1.0' ],
13 silly audit   'hast-util-to-html': [ '9.0.5' ],
13 silly audit   'hast-util-to-parse5': [ '8.0.1' ],
13 silly audit   'hast-util-to-text': [ '4.0.2' ],
13 silly audit   'hast-util-whitespace': [ '3.0.0' ],
13 silly audit   hastscript: [ '9.0.1' ],
13 silly audit   'html-escaper': [ '3.0.3' ],
13 silly audit   'html-void-elements': [ '3.0.0' ],
13 silly audit   'http-cache-semantics': [ '4.2.0' ],
13 silly audit   'import-meta-resolve': [ '4.2.0' ],
13 silly audit   'iron-webcrypto': [ '1.2.1' ],
13 silly audit   'is-docker': [ '3.0.0' ],
13 silly audit   'is-fullwidth-code-point': [ '3.0.0' ],
13 silly audit   'is-inside-container': [ '1.0.0' ],
13 silly audit   'is-plain-obj': [ '4.1.0' ],
13 silly audit   'is-wsl': [ '3.1.1' ],
13 silly audit   jiti: [ '2.7.0' ],
13 silly audit   'js-tokens': [ '4.0.0' ],
13 silly audit   'js-yaml': [ '4.3.2' ],
13 silly audit   jsesc: [ '3.1.0' ],
13 silly audit   json5: [ '2.2.3' ],
13 silly audit   kleur: [ '3.0.3' ],
13 silly audit   lightningcss: [ '1.32.0' ],
13 silly audit   'lightningcss-android-arm64': [ '1.32.0' ],
13 silly audit   'lightningcss-darwin-arm64': [ '1.32.0' ],
13 silly audit   'lightningcss-darwin-x64': [ '1.32.0' ],
13 silly audit   'lightningcss-freebsd-x64': [ '1.32.0' ],
13 silly audit   'lightningcss-linux-arm-gnueabihf': [ '1.32.0' ],
13 silly audit   'lightningcss-linux-arm64-gnu': [ '1.32.0' ],
13 silly audit   'lightningcss-linux-arm64-musl': [ '1.32.0' ],
13 silly audit   'lightningcss-linux-x64-gnu': [ '1.32.0' ],
13 silly audit   'lightningcss-linux-x64-musl': [ '1.32.0' ],
13 silly audit   'lightningcss-win32-arm64-msvc': [ '1.32.0' ],
13 silly audit   'lightningcss-win32-x64-msvc': [ '1.32.0' ],
13 silly audit   'longest-streak': [ '3.1.0' ],
13 silly audit   'lru-cache': [ '5.1.1', '11.5.3' ],
13 silly audit   'magic-string': [ '0.30.21' ],
13 silly audit   magicast: [ '0.5.5' ],
13 silly audit   'markdown-table': [ '3.0.4' ],
13 silly audit   'mdast-util-definitions': [ '6.0.0' ],
13 silly audit   'mdast-util-find-and-replace': [ '3.0.2' ],
13 silly audit   'mdast-util-from-markdown': [ '2.1.0' ],
13 silly audit   'mdast-util-gfm': [ '3.1.0' ],
13 silly audit   'mdast-util-gfm-autolink-literal': [ '2.0.1' ],
13 silly audit   'mdast-util-gfm-footnote': [ '2.1.0' ],
13 silly audit   'mdast-util-gfm-strikethrough': [ '2.0.1' ],
13 silly audit   'mdast-util-gfm-table': [ '2.0.0' ],
13 silly audit   'mdast-util-gfm-task-list-item': [ '2.0.0' ],
13 silly audit   'mdast-util-phrasing': [ '4.1.0' ],
13 silly audit   'mdast-util-to-hast': [ '13.2.1' ],
13 silly audit   'mdast-util-to-markdown': [ '2.2.0' ],
13 silly audit   'mdast-util-to-string': [ '4.0.0' ],
13 silly audit   micromark: [ '4.0.3' ],
13 silly audit   'micromark-core-commonmark': [ '2.0.4' ],
13 silly audit   'micromark-extension-gfm': [ '3.0.0' ],
13 silly audit   'micromark-extension-gfm-autolink-literal': [ '2.1.0' ],
13 silly audit   'micromark-extension-gfm-footnote': [ '2.1.0' ],
13 silly audit   'micromark-extension-gfm-strikethrough': [ '2.1.0' ],
13 silly audit   'micromark-extension-gfm-table': [ '2.1.2' ],
13 silly audit   'micromark-extension-gfm-tagfilter': [ '2.0.0' ],
13 silly audit   'micromark-extension-gfm-task-list-item': [ '2.1.0' ],
13 silly audit   'micromark-factory-destination': [ '2.0.1' ],
13 silly audit   'micromark-factory-label': [ '2.0.1' ],
13 silly audit   'micromark-factory-space': [ '2.1.0' ],
13 silly audit   'micromark-factory-title': [ '2.0.1' ],
13 silly audit   'micromark-factory-whitespace': [ '2.0.1' ],
13 silly audit   'micromark-util-character': [ '2.1.1' ],
13 silly audit   'micromark-util-chunked': [ '2.0.1' ],
13 silly audit   'micromark-util-classify-character': [ '2.0.1' ],
13 silly audit   'micromark-util-combine-extensions': [ '2.0.1' ],
13 silly audit   'micromark-util-decode-numeric-character-reference': [ '2.0.2' ],
13 silly audit   'micromark-util-decode-string': [ '2.0.1' ],
13 silly audit   'micromark-util-edit-map': [ '1.0.0' ],
13 silly audit   'micromark-util-encode': [ '2.0.1' ],
13 silly audit   'micromark-util-html-tag-name': [ '2.0.1' ],
13 silly audit   'micromark-util-normalize-identifier': [ '2.0.1' ],
13 silly audit   'micromark-util-resolve-all': [ '2.0.1' ],
13 silly audit   'micromark-util-sanitize-uri': [ '2.0.1' ],
13 silly audit   'micromark-util-subtokenize': [ '2.1.0' ],
13 silly audit   'micromark-util-symbol': [ '2.0.1' ],
13 silly audit   'micromark-util-types': [ '2.0.3' ],
13 silly audit   mrmime: [ '2.0.1' ],
13 silly audit   ms: [ '2.1.3' ],
13 silly audit   nanoid: [ '3.3.19' ],
13 silly audit   neotraverse: [ '0.6.18' ],
13 silly audit   'nlcst-to-string': [ '4.0.0' ],
13 silly audit   'node-fetch-native': [ '1.6.7' ],
13 silly audit   'node-mock-http': [ '1.0.5' ],
13 silly audit   'node-releases': [ '2.0.57' ],
13 silly audit   'normalize-path': [ '3.0.0' ],
13 silly audit   'nth-check': [ '2.1.1' ],
13 silly audit   ofetch: [ '1.5.1' ],
13 silly audit   ohash: [ '2.0.12' ],
13 silly audit   'oniguruma-parser': [ '0.12.2' ],
13 silly audit   'oniguruma-to-es': [ '4.3.6' ],
13 silly audit   'p-limit': [ '6.2.0' ],
13 silly audit   'p-queue': [ '8.1.1' ],
13 silly audit   'p-timeout': [ '6.1.4' ],
13 silly audit   'package-manager-detector': [ '1.8.0' ],
13 silly audit   'parse-latin': [ '7.0.0' ],
13 silly audit   parse5: [ '7.3.0' ],
13 silly audit   piccolore: [ '0.1.3' ],
13 silly audit   picocolors: [ '1.1.1' ],
13 silly audit   postcss: [ '8.5.28' ],
13 silly audit   prismjs: [ '1.30.0' ],
13 silly audit   prompts: [ '2.4.2' ],
13 silly audit   'property-information': [ '7.2.0' ],
13 silly audit   radix3: [ '1.1.2' ],
13 silly audit   react: [ '19.3.0' ],
13 silly audit   'react-dom': [ '19.3.0' ],
13 silly audit   'react-refresh': [ '0.17.0' ],
13 silly audit   readdirp: [ '5.1.1' ],
13 silly audit   regex: [ '6.1.0' ],
13 silly audit   'regex-recursion': [ '6.0.2' ],
13 silly audit   'regex-utilities': [ '2.3.0' ],
13 silly audit   rehype: [ '13.0.2' ],
13 silly audit   'rehype-parse': [ '9.0.1' ],
13 silly audit   'rehype-raw': [ '7.0.0' ],
13 silly audit   'rehype-stringify': [ '10.0.1' ],
13 silly audit   'remark-gfm': [ '4.0.1' ],
13 silly audit   'remark-parse': [ '11.0.0' ],
13 silly audit   'remark-rehype': [ '11.1.2' ],
13 silly audit   'remark-smartypants': [ '3.0.3' ],
13 silly audit   'remark-stringify': [ '11.0.0' ],
13 silly audit   retext: [ '9.0.0' ],
13 silly audit   'retext-latin': [ '4.0.0' ],
13 silly audit   'retext-smartypants': [ '6.2.0' ],
13 silly audit   'retext-stringify': [ '4.0.0' ],
13 silly audit   rollup: [ '4.64.0' ],
13 silly audit   sax: [ '1.6.1' ],
13 silly audit   scheduler: [ '0.28.0' ],
13 silly audit   sharp: [ '0.34.5' ],
13 silly audit   shiki: [ '3.23.0' ],
13 silly audit   sisteransi: [ '1.0.5' ],
13 silly audit   'smol-toml': [ '1.9.0' ],
13 silly audit   'source-map-js': [ '1.2.2' ],
13 silly audit   'space-separated-tokens': [ '2.0.2' ],
13 silly audit   'stringify-entities': [ '4.0.4' ],
13 silly audit   svgo: [ '4.1.0' ],
13 silly audit   tailwindcss: [ '4.3.3' ],
13 silly audit   tapable: [ '2.3.3' ],
13 silly audit   'tiny-inflate': [ '1.0.3' ],
13 silly audit   tinyexec: [ '1.3.1' ],
13 silly audit   tinyglobby: [ '0.2.17' ],
13 silly audit   'trim-lines': [ '3.0.1' ],
13 silly audit   trough: [ '2.2.0' ],
13 silly audit   tsconfck: [ '3.1.6' ],
13 silly audit   tslib: [ '2.8.1' ],
13 silly audit   'type-fest': [ '4.41.0' ],
13 silly audit   typescript: [ '5.9.3' ],
13 silly audit   ufo: [ '1.6.4' ],
13 silly audit   ultrahtml: [ '1.7.0' ],
13 silly audit   uncrypto: [ '0.1.3' ],
13 silly audit   undici: [ '8.11.2' ],
13 silly audit   unified: [ '11.0.5' ],
13 silly audit   unifont: [ '0.7.5' ],
13 silly audit   'unist-util-find-after': [ '5.0.0' ],
13 silly audit   'unist-util-is': [ '6.0.1' ],
13 silly audit   'unist-util-modify-children': [ '4.0.0' ],
13 silly audit   'unist-util-position': [ '5.0.0' ],
13 silly audit   'unist-util-remove-position': [ '5.0.0' ],
13 silly audit   'unist-util-stringify-position': [ '4.0.0' ],
13 silly audit   'unist-util-visit': [ '5.1.0' ],
13 silly audit   'unist-util-visit-children': [ '3.0.0' ],
13 silly audit   'unist-util-visit-parents': [ '6.0.2' ],
13 silly audit   unstorage: [ '1.17.5' ],
13 silly audit   'update-browserslist-db': [ '1.3.3' ],
13 silly audit   vfile: [ '6.0.3' ],
13 silly audit   'vfile-location': [ '5.0.3' ],
13 silly audit   'vfile-message': [ '4.0.3' ],
13 silly audit   vite: [ '6.4.3' ],
13 silly audit   vitefu: [ '1.1.3' ],
13 silly audit   'web-namespaces': [ '2.0.1' ],
13 silly audit   'which-pm-runs': [ '1.1.0' ],
13 silly audit   'widest-line': [ '5.0.0' ],
13 silly audit   'wrap-ansi': [ '9.0.2' ],
13 silly audit   'xxhash-wasm': [ '1.1.0' ],
13 silly audit   yallist: [ '3.1.1' ],
13 silly audit   'yargs-parser': [ '21.1.1' ],
13 silly audit   'yocto-queue': [ '1.2.2' ],
13 silly audit   'yocto-spinner': [ '0.2.3' ],
13 silly audit   yoctocolors: [ '2.2.0' ],
13 silly audit   zod: [ '3.25.76' ],
13 silly audit   'zod-to-json-schema': [ '3.25.2' ],
13 silly audit   'zod-to-ts': [ '1.2.0' ],
13 silly audit   zwitch: [ '2.0.4' ]
13 silly audit }
14 http fetch POST 200 https://registry.npmjs.org/-/npm/v1/security/advisories/bulk 184ms
15 silly audit report {
15 silly audit report   astro: [
15 silly audit report     {
15 silly audit report       id: 1118920,
15 silly audit report       url: 'https://github.com/advisories/GHSA-xr5h-phrj-8vxv',
15 silly audit report       title: 'Astro: Server island encrypted parameters vulnerable to cross-component replay',
15 silly audit report       severity: 'low',
15 silly audit report       vulnerable_versions: '<6.1.10',
15 silly audit report       cwe: [Array],
15 silly audit report       cvss: [Object]
15 silly audit report     },
15 silly audit report     {
15 silly audit report       id: 1117141,
15 silly audit report       url: 'https://github.com/advisories/GHSA-j687-52p2-xcff',
15 silly audit report       title: 'Astro: XSS in define:vars via incomplete </script> tag sanitization',
15 silly audit report       severity: 'moderate',
15 silly audit report       vulnerable_versions: '<6.1.6',
15 silly audit report       cwe: [Array],
15 silly audit report       cvss: [Object]
15 silly audit report     },
15 silly audit report     {
15 silly audit report       id: 1123700,
15 silly audit report       url: 'https://github.com/advisories/GHSA-jrpj-wcv7-9fh9',
15 silly audit report       title: 'Astro: XSS via Unescaped Attribute Names in Spread Props',
15 silly audit report       severity: 'moderate',
15 silly audit report       vulnerable_versions: '<6.4.6',
15 silly audit report       cwe: [Array],
15 silly audit report       cvss: [Object]
15 silly audit report     },
15 silly audit report     {
15 silly audit report       id: 1139373,
15 silly audit report       url: 'https://github.com/advisories/GHSA-f48w-9m4c-m7f5',
15 silly audit report       title: 'Astro: XSS via unescaped spread attribute names in renderHTMLElement (incomplete fix for CVE-2026-54298)',
15 silly audit report       severity: 'moderate',
15 silly audit report       vulnerable_versions: '<7.0.6',
15 silly audit report       cwe: [Array],
15 silly audit report       cvss: [Object]
15 silly audit report     },
15 silly audit report     {
15 silly audit report       id: 1139375,
15 silly audit report       url: 'https://github.com/advisories/GHSA-7pw4-f3q4-r2p2',
15 silly audit report       title: 'Astro: Cross-site scripting via unescaped transition:* directive values on hydrated islands',
15 silly audit report       severity: 'low',
15 silly audit report       vulnerable_versions: '>=3.10.0 <7.0.4',
15 silly audit report       cwe: [Array],
15 silly audit report       cvss: [Object]
15 silly audit report     },
15 silly audit report     {
15 silly audit report       id: 1139376,
15 silly audit report       url: 'https://github.com/advisories/GHSA-4g3v-8h47-v7g6',
15 silly audit report       title: 'Astro: Reflected XSS via unescaped View Transition animation properties',
15 silly audit report       severity: 'moderate',
15 silly audit report       vulnerable_versions: '>=2.9.0 <=7.0.9',
15 silly audit report       cwe: [Array],
15 silly audit report       cvss: [Object]
15 silly audit report     },
15 silly audit report     {
15 silly audit report       id: 1139377,
15 silly audit report       url: 'https://github.com/advisories/GHSA-2pvr-wf23-7pc7',
15 silly audit report       title: 'Astro: Host header SSRF in prerendered error page fetch',
15 silly audit report       severity: 'high',
15 silly audit report       vulnerable_versions: '<6.4.6',
15 silly audit report       cwe: [Array],
15 silly audit report       cvss: [Object]
15 silly audit report     },
15 silly audit report     {
15 silly audit report       id: 1139378,
15 silly audit report       url: 'https://github.com/advisories/GHSA-8hv8-536x-4wqp',
15 silly audit report       title: 'Astro: Reflected XSS via unescaped slot name',
15 silly audit report       severity: 'high',
15 silly audit report       vulnerable_versions: '<6.3.3',
15 silly audit report       cwe: [Array],
15 silly audit report       cvss: [Object]
15 silly audit report     },
15 silly audit report     {
15 silly audit report       id: 1193723,
15 silly audit report       url: 'https://github.com/advisories/GHSA-26w7-cxv4-gfx2',
15 silly audit report       title: 'Astro: Remote code execution through AVIF image optimization',
15 silly audit report       severity: 'critical',
15 silly audit report       vulnerable_versions: '<7.2.8',
15 silly audit report       cwe: [Array],
15 silly audit report       cvss: [Object]
15 silly audit report     },
15 silly audit report     {
15 silly audit report       id: 1193724,
15 silly audit report       url: 'https://github.com/advisories/GHSA-376h-93r7-7g6f',
15 silly audit report       title: 'Astro: Authorization bypass from missing path-segment boundary check when stripping the configured base',
15 silly audit report       severity: 'moderate',
15 silly audit report       vulnerable_versions: '<=7.2.3',
15 silly audit report       cwe: [Array],
15 silly audit report       cvss: [Object]
15 silly audit report     }
15 silly audit report   ],
15 silly audit report   esbuild: [
15 silly audit report     {
15 silly audit report       id: 1120680,
15 silly audit report       url: 'https://github.com/advisories/GHSA-g7r4-m6w7-qqqr',
15 silly audit report       title: 'esbuild allows arbitrary file read when running the development server on Windows',
15 silly audit report       severity: 'low',
15 silly audit report       vulnerable_versions: '>=0.27.3 <0.28.1',
15 silly audit report       cwe: [Array],
15 silly audit report       cvss: [Object]
15 silly audit report     }
15 silly audit report   ],
15 silly audit report   'http-cache-semantics': [
15 silly audit report     {
15 silly audit report       id: 1240991,
15 silly audit report       url: 'https://github.com/advisories/GHSA-ch52-4w7c-c8xp',
15 silly audit report       title: 'http-cache-semantics max-stale handling can disclose cross-user cached responses',
15 silly audit report       severity: 'high',
15 silly audit report       vulnerable_versions: '<=4.2.0',
15 silly audit report       cwe: [Array],
15 silly audit report       cvss: [Object]
15 silly audit report     }
15 silly audit report   ],
15 silly audit report   sharp: [
15 silly audit report     {
15 silly audit report       id: 1124066,
15 silly audit report       url: 'https://github.com/advisories/GHSA-f88m-g3jw-g9cj',
15 silly audit report       title: 'sharp inherited vulnerabilities in libvips: CVE-2026-33327, CVE-2026-33328, CVE-2026-35590, CVE-2026-35591',
15 silly audit report       severity: 'high',
15 silly audit report       vulnerable_versions: '<0.35.0',
15 silly audit report       cwe: [Array],
15 silly audit report       cvss: [Object]
15 silly audit report     },
15 silly audit report     {
15 silly audit report       id: 1193725,
15 silly audit report       url: 'https://github.com/advisories/GHSA-rgj7-g3m4-5g8c',
15 silly audit report       title: 'sharp: Vulnerabilities in libheif: GHSA-g89c-p67h-r497 and GHSA-2jg2-4ch7-h545',
15 silly audit report       severity: 'high',
15 silly audit report       vulnerable_versions: '<0.35.4',
15 silly audit report       cwe: [Array],
15 silly audit report       cvss: [Object]
15 silly audit report     }
15 silly audit report   ]
15 silly audit report }
16 silly packumentCache corgi:https://registry.npmjs.org/astro cache-miss
17 silly packumentCache corgi:https://registry.npmjs.org/esbuild cache-miss
18 silly packumentCache corgi:https://registry.npmjs.org/http-cache-semantics cache-miss
19 silly packumentCache corgi:https://registry.npmjs.org/sharp cache-miss
20 http cache https://registry.npmjs.org/astro 55ms (cache hit)
21 silly packumentCache corgi:https://registry.npmjs.org/astro set size:4550652 disposed:false
22 http cache https://registry.npmjs.org/http-cache-semantics 247ms (cache hit)
23 silly packumentCache corgi:https://registry.npmjs.org/http-cache-semantics set size:23293 disposed:false
24 http cache https://registry.npmjs.org/sharp 249ms (cache hit)
25 silly packumentCache corgi:https://registry.npmjs.org/sharp set size:304458 disposed:false
26 http cache https://registry.npmjs.org/esbuild 257ms (cache hit)
27 silly packumentCache corgi:https://registry.npmjs.org/esbuild set size:889133 disposed:false
28 verbose cwd C:\Users\reymi\Desktop\rockgames
29 verbose os Windows_NT 10.0.19045
30 verbose node v22.20.0
31 verbose npm  v11.5.2
32 verbose exit 1
33 verbose code 1
